Wavetype 0.2.0 | macOS 15.7.9 arm64 | python: /Users/runner/hostedtoolcache/Python/3.12.10/arm64/bin/python

== venv (/Users/runner/work/wavetype/wavetype/build/mac/venv)
python 3.12.10 arm64 | framework: True
tk 8.6

== icon

== PyInstaller
38 INFO: PyInstaller: 6.22.3, contrib hooks: 2026.8
38 INFO: Python: 3.12.10
59 INFO: Platform: macOS-15.7.9-arm64-arm-64bit
59 INFO: Python environment: /Users/runner/work/wavetype/wavetype/build/mac/venv
62 INFO: Removing temporary files and cleaning cache in /Users/runner/Library/Application Support/pyinstaller
1692 INFO: Module search paths (PYTHONPATH):
['/Users/runner/work/wavetype/wavetype',
 '/Library/Frameworks/Python.framework/Versions/3.12/lib/python312.zip',
 '/Library/Frameworks/Python.framework/Versions/3.12/lib/python3.12',
 '/Library/Frameworks/Python.framework/Versions/3.12/lib/python3.12/lib-dynload',
 '/Users/runner/work/wavetype/wavetype/build/mac/venv/lib/python3.12/site-packages',
 '/Users/runner/work/wavetype/wavetype']
1915 INFO: Appending 'binaries' from .spec
1915 INFO: Appending 'datas' from .spec
1915 INFO: checking Analysis
1915 INFO: Building Analysis because Analysis-00.toc is non existent
1915 INFO: Looking for Python shared library...
1919 INFO: Using Python shared library: /Library/Frameworks/Python.framework/Versions/3.12/Python
1919 INFO: Running Analysis Analysis-00.toc
1919 INFO: Target bytecode optimization level: 0
1919 INFO: Initializing module dependency graph...
1919 INFO: Initializing module graph hook caches...
1924 INFO: Analyzing modules for base_library.zip ...
2495 INFO: Processing standard module hook 'hook-encodings.py' from '/Users/runner/work/wavetype/wavetype/build/mac/venv/lib/python3.12/site-packages/PyInstaller/hooks'
2681 INFO: Processing standard module hook 'hook-math.py' from '/Users/runner/work/wavetype/wavetype/build/mac/venv/lib/python3.12/site-packages/PyInstaller/hooks'
3484 INFO: Processing standard module hook 'hook-pickle.py' from '/Users/runner/work/wavetype/wavetype/build/mac/venv/lib/python3.12/site-packages/PyInstaller/hooks'
4367 INFO: Processing standard module hook 'hook-heapq.py' from '/Users/runner/work/wavetype/wavetype/build/mac/venv/lib/python3.12/site-packages/PyInstaller/hooks'
4667 INFO: Caching module dependency graph...
4691 INFO: Analyzing /Users/runner/work/wavetype/wavetype/wavetype.py
4807 INFO: Processing standard module hook 'hook-platform.py' from '/Users/runner/work/wavetype/wavetype/build/mac/venv/lib/python3.12/site-packages/PyInstaller/hooks'
4826 INFO: Processing standard module hook 'hook-xml.py' from '/Users/runner/work/wavetype/wavetype/build/mac/venv/lib/python3.12/site-packages/PyInstaller/hooks'
5273 INFO: Processing standard module hook 'hook-certifi.py' from '/Users/runner/work/wavetype/wavetype/build/mac/venv/lib/python3.12/site-packages/_pyinstaller_hooks_contrib/stdhooks'
5424 INFO: Processing standard module hook 'hook-multiprocessing.util.py' from '/Users/runner/work/wavetype/wavetype/build/mac/venv/lib/python3.12/site-packages/PyInstaller/hooks'
5673 INFO: Processing standard module hook 'hook-_ctypes.py' from '/Users/runner/work/wavetype/wavetype/build/mac/venv/lib/python3.12/site-packages/PyInstaller/hooks'
6018 INFO: Processing standard module hook 'hook-anyio.py' from '/Users/runner/work/wavetype/wavetype/build/mac/venv/lib/python3.12/site-packages/_pyinstaller_hooks_contrib/stdhooks'
6217 INFO: Processing pre-safe-import-module hook 'hook-typing_extensions.py' from '/Users/runner/work/wavetype/wavetype/build/mac/venv/lib/python3.12/site-packages/PyInstaller/hooks/pre_safe_import_module'
6218 INFO: SetuptoolsInfo: initializing cached setuptools info...
7200 INFO: Processing standard module hook 'hook-difflib.py' from '/Users/runner/work/wavetype/wavetype/build/mac/venv/lib/python3.12/site-packages/PyInstaller/hooks'
7305 INFO: Processing standard module hook 'hook-webbrowser.py' from '/Users/runner/work/wavetype/wavetype/build/mac/venv/lib/python3.12/site-packages/PyInstaller/hooks'
7321 INFO: Processing pre-find-module-path hook 'hook-tkinter.py' from '/Users/runner/work/wavetype/wavetype/build/mac/venv/lib/python3.12/site-packages/PyInstaller/hooks/pre_find_module_path'
7321 INFO: TclTkInfo: initializing cached Tcl/Tk info...
7481 INFO: Processing standard module hook 'hook-_tkinter.py' from '/Users/runner/work/wavetype/wavetype/build/mac/venv/lib/python3.12/site-packages/PyInstaller/hooks'
7484 INFO: Processing standard module hook 'hook-PIL.py' from '/Users/runner/work/wavetype/wavetype/build/mac/venv/lib/python3.12/site-packages/PyInstaller/hooks'
7546 INFO: Processing standard module hook 'hook-PIL.Image.py' from '/Users/runner/work/wavetype/wavetype/build/mac/venv/lib/python3.12/site-packages/PyInstaller/hooks'
7746 INFO: Processing standard module hook 'hook-numpy.py' from '/Users/runner/work/wavetype/wavetype/build/mac/venv/lib/python3.12/site-packages/PyInstaller/hooks'
8244 INFO: Processing standard module hook 'hook-sysconfig.py' from '/Users/runner/work/wavetype/wavetype/build/mac/venv/lib/python3.12/site-packages/PyInstaller/hooks'
8252 INFO: Processing standard module hook 'hook-_osx_support.py' from '/Users/runner/work/wavetype/wavetype/build/mac/venv/lib/python3.12/site-packages/PyInstaller/hooks'
9879 INFO: Processing standard module hook 'hook-xml.etree.cElementTree.py' from '/Users/runner/work/wavetype/wavetype/build/mac/venv/lib/python3.12/site-packages/PyInstaller/hooks'
9991 INFO: Processing standard module hook 'hook-PIL.ImageFilter.py' from '/Users/runner/work/wavetype/wavetype/build/mac/venv/lib/python3.12/site-packages/PyInstaller/hooks'
10225 INFO: Processing standard module hook 'hook-sounddevice.py' from '/Users/runner/work/wavetype/wavetype/build/mac/venv/lib/python3.12/site-packages/_pyinstaller_hooks_contrib/stdhooks'
11672 INFO: Processing standard module hook 'hook-av.py' from '/Users/runner/work/wavetype/wavetype/build/mac/venv/lib/python3.12/site-packages/_pyinstaller_hooks_contrib/stdhooks'
12622 INFO: Processing pre-safe-import-module hook 'hook-importlib_resources.py' from '/Users/runner/work/wavetype/wavetype/build/mac/venv/lib/python3.12/site-packages/PyInstaller/hooks/pre_safe_import_module'
12879 INFO: Processing standard module hook 'hook-sqlite3.py' from '/Users/runner/work/wavetype/wavetype/build/mac/venv/lib/python3.12/site-packages/PyInstaller/hooks'
14456 INFO: Processing pre-safe-import-module hook 'hook-packaging.py' from '/Users/runner/work/wavetype/wavetype/build/mac/venv/lib/python3.12/site-packages/PyInstaller/hooks/pre_safe_import_module'
14513 INFO: Processing standard module hook 'hook-fsspec.py' from '/Users/runner/work/wavetype/wavetype/build/mac/venv/lib/python3.12/site-packages/_pyinstaller_hooks_contrib/stdhooks'
14969 INFO: Processing pre-safe-import-module hook 'hook-backports.py' from '/Users/runner/work/wavetype/wavetype/build/mac/venv/lib/python3.12/site-packages/PyInstaller/hooks/pre_safe_import_module'
14970 INFO: Setuptools: 'backports' appears to be a full setuptools-vendored copy - creating alias to 'setuptools._vendor.backports'!
15096 INFO: Processing standard module hook 'hook-onnxruntime.py' from '/Users/runner/work/wavetype/wavetype/build/mac/venv/lib/python3.12/site-packages/_pyinstaller_hooks_contrib/stdhooks'
15144 INFO: Processing pre-safe-import-module hook 'hook-tensorflow.py' from '/Users/runner/work/wavetype/wavetype/build/mac/venv/lib/python3.12/site-packages/_pyinstaller_hooks_contrib/pre_safe_import_module'
15207 INFO: Analyzing hidden import 'live_dual'
15217 INFO: Analyzing hidden import 'objc._machsignals'
15217 INFO: Analyzing hidden import 'objc.simd'
15229 INFO: Analyzing hidden import 'sherpa_onnx._info'
15230 INFO: Processing module hooks (post-graph stage)...
15930 INFO: Processing standard module hook 'hook-_tkinter.py' from '/Users/runner/work/wavetype/wavetype/build/mac/venv/lib/python3.12/site-packages/PyInstaller/hooks'
16262 INFO: Processing standard module hook 'hook-PIL.SpiderImagePlugin.py' from '/Users/runner/work/wavetype/wavetype/build/mac/venv/lib/python3.12/site-packages/PyInstaller/hooks'
16341 INFO: Performing binary vs. data reclassification (353 entries)
16465 INFO: Looking for ctypes DLLs
16500 WARNING: Ignoring /System/Library/Frameworks/CoreFoundation.framework/CoreFoundation imported from /Users/runner/work/wavetype/wavetype/mac_sys.py - only basenames are supported with ctypes imports!
16500 WARNING: Ignoring /System/Library/Frameworks/Carbon.framework/Carbon imported from /Users/runner/work/wavetype/wavetype/mac_sys.py - only basenames are supported with ctypes imports!
16511 WARNING: Library user32 required via ctypes not found
16512 WARNING: Library gdi32 required via ctypes not found
16517 WARNING: Library ntdll required via ctypes not found
16555 INFO: Analyzing run-time hooks ...
16559 INFO: Including run-time hook 'pyi_rth_inspect.py' from '/Users/runner/work/wavetype/wavetype/build/mac/venv/lib/python3.12/site-packages/PyInstaller/hooks/rthooks'
16561 INFO: Including run-time hook 'pyi_rth_pkgutil.py' from '/Users/runner/work/wavetype/wavetype/build/mac/venv/lib/python3.12/site-packages/PyInstaller/hooks/rthooks'
16562 INFO: Including run-time hook 'pyi_rth_multiprocessing.py' from '/Users/runner/work/wavetype/wavetype/build/mac/venv/lib/python3.12/site-packages/PyInstaller/hooks/rthooks'
16564 INFO: Including run-time hook 'pyi_rth__tkinter.py' from '/Users/runner/work/wavetype/wavetype/build/mac/venv/lib/python3.12/site-packages/PyInstaller/hooks/rthooks'
16581 INFO: Creating base_library.zip...
16594 INFO: Looking for dynamic libraries
17480 INFO: Warnings written to /Users/runner/work/wavetype/wavetype/build/mac/pyi/wavetype-mac/warn-wavetype-mac.txt
17527 INFO: Graph cross-reference written to /Users/runner/work/wavetype/wavetype/build/mac/pyi/wavetype-mac/xref-wavetype-mac.html
17843 INFO: checking PYZ
17843 INFO: Building PYZ because PYZ-00.toc is non existent
17843 INFO: Building PYZ (ZlibArchive) /Users/runner/work/wavetype/wavetype/build/mac/pyi/wavetype-mac/PYZ-00.pyz
18734 INFO: Building PYZ (ZlibArchive) /Users/runner/work/wavetype/wavetype/build/mac/pyi/wavetype-mac/PYZ-00.pyz completed successfully.
18747 INFO: EXE target arch: arm64
18747 INFO: Code signing identity: None
18750 INFO: checking PKG
18750 INFO: Building PKG because PKG-00.toc is non existent
18750 INFO: Building PKG (CArchive) Wavetype.pkg
18840 INFO: Building PKG (CArchive) Wavetype.pkg completed successfully.
18842 INFO: Bootloader /Users/runner/work/wavetype/wavetype/build/mac/venv/lib/python3.12/site-packages/PyInstaller/bootloader/Darwin-64bit/runw
18842 INFO: checking EXE
18842 INFO: Building EXE because EXE-00.toc is non existent
18842 INFO: Building EXE from EXE-00.toc
18842 INFO: Copying bootloader EXE to /Users/runner/work/wavetype/wavetype/build/mac/pyi/wavetype-mac/Wavetype
18845 INFO: Converting EXE to target arch (arm64)
19947 INFO: Removing signature(s) from EXE
19970 INFO: Modifying Mach-O image UUID(s) in EXE
19978 INFO: Appending PKG archive to EXE
19983 INFO: Fixing EXE headers for code signing
19994 INFO: Rewriting the executable's macOS SDK version (26.2.0) to match the SDK version of the Python library (12.1.0) in order to avoid inconsistent behavior and potential UI issues in the frozen application.
19996 INFO: Re-signing the EXE
20032 INFO: Building EXE from EXE-00.toc completed successfully.
20037 INFO: checking COLLECT
20037 INFO: Building COLLECT because COLLECT-00.toc is non existent
20037 INFO: Building COLLECT COLLECT-00.toc
32080 INFO: Building COLLECT COLLECT-00.toc completed successfully.
32092 INFO: checking BUNDLE
32092 INFO: Building BUNDLE because BUNDLE-00.toc is non existent
32092 INFO: Building BUNDLE BUNDLE-00.toc
37741 INFO: Signing the BUNDLE...
38290 INFO: Building BUNDLE BUNDLE-00.toc completed successfully.
38297 INFO: Build complete! The results are available in: /Users/runner/work/wavetype/wavetype/dist

== secret check
   ok: no user files, no gsk_ key pattern. Wavetype.app = 237M

== done (app)
app: /Users/runner/work/wavetype/wavetype/dist/Wavetype.app
