Wavetype 0.1.1 | macOS 15.7.9 arm64 | python: /Users/runner/hostedtoolcache/Python/3.12.10/arm64/bin/python

== venv (/Users/runner/work/wavetype/wavetype/build/mac/venv)
python 3.12.10 arm64 | framework: True
tk 8.6

== icon

== PyInstaller
42 INFO: PyInstaller: 6.22.3, contrib hooks: 2026.8
42 INFO: Python: 3.12.10
76 INFO: Platform: macOS-15.7.9-arm64-arm-64bit
77 INFO: Python environment: /Users/runner/work/wavetype/wavetype/build/mac/venv
87 INFO: Removing temporary files and cleaning cache in /Users/runner/Library/Application Support/pyinstaller
2039 INFO: Module search paths (PYTHONPATH):
['/Users/runner/work/wavetype/wavetype',
 '/Library/Frameworks/Python.framework/Versions/3.12/lib/python312.zip',
 '/Library/Frameworks/Python.framework/Versions/3.12/lib/python3.12',
 '/Library/Frameworks/Python.framework/Versions/3.12/lib/python3.12/lib-dynload',
 '/Users/runner/work/wavetype/wavetype/build/mac/venv/lib/python3.12/site-packages',
 '/Users/runner/work/wavetype/wavetype']
2390 INFO: Appending 'binaries' from .spec
2391 INFO: Appending 'datas' from .spec
2391 INFO: checking Analysis
2391 INFO: Building Analysis because Analysis-00.toc is non existent
2391 INFO: Looking for Python shared library...
2395 INFO: Using Python shared library: /Library/Frameworks/Python.framework/Versions/3.12/Python
2396 INFO: Running Analysis Analysis-00.toc
2396 INFO: Target bytecode optimization level: 0
2396 INFO: Initializing module dependency graph...
2396 INFO: Initializing module graph hook caches...
2404 INFO: Analyzing modules for base_library.zip ...
2727 INFO: Processing standard module hook 'hook-heapq.py' from '/Users/runner/work/wavetype/wavetype/build/mac/venv/lib/python3.12/site-packages/PyInstaller/hooks'
2871 INFO: Processing standard module hook 'hook-encodings.py' from '/Users/runner/work/wavetype/wavetype/build/mac/venv/lib/python3.12/site-packages/PyInstaller/hooks'
3205 INFO: Processing standard module hook 'hook-math.py' from '/Users/runner/work/wavetype/wavetype/build/mac/venv/lib/python3.12/site-packages/PyInstaller/hooks'
3932 INFO: Processing standard module hook 'hook-pickle.py' from '/Users/runner/work/wavetype/wavetype/build/mac/venv/lib/python3.12/site-packages/PyInstaller/hooks'
4818 INFO: Caching module dependency graph...
4846 INFO: Analyzing /Users/runner/work/wavetype/wavetype/wavetype.py
4970 INFO: Processing standard module hook 'hook-platform.py' from '/Users/runner/work/wavetype/wavetype/build/mac/venv/lib/python3.12/site-packages/PyInstaller/hooks'
4987 INFO: Processing standard module hook 'hook-xml.py' from '/Users/runner/work/wavetype/wavetype/build/mac/venv/lib/python3.12/site-packages/PyInstaller/hooks'
5400 INFO: Processing standard module hook 'hook-certifi.py' from '/Users/runner/work/wavetype/wavetype/build/mac/venv/lib/python3.12/site-packages/_pyinstaller_hooks_contrib/stdhooks'
5560 INFO: Processing standard module hook 'hook-multiprocessing.util.py' from '/Users/runner/work/wavetype/wavetype/build/mac/venv/lib/python3.12/site-packages/PyInstaller/hooks'
5834 INFO: Processing standard module hook 'hook-_ctypes.py' from '/Users/runner/work/wavetype/wavetype/build/mac/venv/lib/python3.12/site-packages/PyInstaller/hooks'
6109 INFO: Processing standard module hook 'hook-anyio.py' from '/Users/runner/work/wavetype/wavetype/build/mac/venv/lib/python3.12/site-packages/_pyinstaller_hooks_contrib/stdhooks'
6307 INFO: Processing pre-safe-import-module hook 'hook-typing_extensions.py' from '/Users/runner/work/wavetype/wavetype/build/mac/venv/lib/python3.12/site-packages/PyInstaller/hooks/pre_safe_import_module'
6307 INFO: SetuptoolsInfo: initializing cached setuptools info...
7242 INFO: Processing standard module hook 'hook-difflib.py' from '/Users/runner/work/wavetype/wavetype/build/mac/venv/lib/python3.12/site-packages/PyInstaller/hooks'
7341 INFO: Processing standard module hook 'hook-webbrowser.py' from '/Users/runner/work/wavetype/wavetype/build/mac/venv/lib/python3.12/site-packages/PyInstaller/hooks'
7357 INFO: Processing pre-find-module-path hook 'hook-tkinter.py' from '/Users/runner/work/wavetype/wavetype/build/mac/venv/lib/python3.12/site-packages/PyInstaller/hooks/pre_find_module_path'
7359 INFO: TclTkInfo: initializing cached Tcl/Tk info...
7533 INFO: Processing standard module hook 'hook-_tkinter.py' from '/Users/runner/work/wavetype/wavetype/build/mac/venv/lib/python3.12/site-packages/PyInstaller/hooks'
7538 INFO: Processing standard module hook 'hook-PIL.py' from '/Users/runner/work/wavetype/wavetype/build/mac/venv/lib/python3.12/site-packages/PyInstaller/hooks'
7604 INFO: Processing standard module hook 'hook-PIL.Image.py' from '/Users/runner/work/wavetype/wavetype/build/mac/venv/lib/python3.12/site-packages/PyInstaller/hooks'
7732 INFO: Processing standard module hook 'hook-numpy.py' from '/Users/runner/work/wavetype/wavetype/build/mac/venv/lib/python3.12/site-packages/PyInstaller/hooks'
8176 INFO: Processing standard module hook 'hook-sysconfig.py' from '/Users/runner/work/wavetype/wavetype/build/mac/venv/lib/python3.12/site-packages/PyInstaller/hooks'
8185 INFO: Processing standard module hook 'hook-_osx_support.py' from '/Users/runner/work/wavetype/wavetype/build/mac/venv/lib/python3.12/site-packages/PyInstaller/hooks'
9585 INFO: Processing standard module hook 'hook-xml.etree.cElementTree.py' from '/Users/runner/work/wavetype/wavetype/build/mac/venv/lib/python3.12/site-packages/PyInstaller/hooks'
9698 INFO: Processing standard module hook 'hook-PIL.ImageFilter.py' from '/Users/runner/work/wavetype/wavetype/build/mac/venv/lib/python3.12/site-packages/PyInstaller/hooks'
9975 INFO: Processing standard module hook 'hook-sounddevice.py' from '/Users/runner/work/wavetype/wavetype/build/mac/venv/lib/python3.12/site-packages/_pyinstaller_hooks_contrib/stdhooks'
11591 INFO: Processing standard module hook 'hook-av.py' from '/Users/runner/work/wavetype/wavetype/build/mac/venv/lib/python3.12/site-packages/_pyinstaller_hooks_contrib/stdhooks'
12366 INFO: Processing pre-safe-import-module hook 'hook-importlib_resources.py' from '/Users/runner/work/wavetype/wavetype/build/mac/venv/lib/python3.12/site-packages/PyInstaller/hooks/pre_safe_import_module'
12579 INFO: Processing standard module hook 'hook-sqlite3.py' from '/Users/runner/work/wavetype/wavetype/build/mac/venv/lib/python3.12/site-packages/PyInstaller/hooks'
13898 INFO: Processing pre-safe-import-module hook 'hook-packaging.py' from '/Users/runner/work/wavetype/wavetype/build/mac/venv/lib/python3.12/site-packages/PyInstaller/hooks/pre_safe_import_module'
13939 INFO: Processing standard module hook 'hook-fsspec.py' from '/Users/runner/work/wavetype/wavetype/build/mac/venv/lib/python3.12/site-packages/_pyinstaller_hooks_contrib/stdhooks'
14240 INFO: Processing pre-safe-import-module hook 'hook-backports.py' from '/Users/runner/work/wavetype/wavetype/build/mac/venv/lib/python3.12/site-packages/PyInstaller/hooks/pre_safe_import_module'
14240 INFO: Setuptools: 'backports' appears to be a full setuptools-vendored copy - creating alias to 'setuptools._vendor.backports'!
14353 INFO: Processing standard module hook 'hook-onnxruntime.py' from '/Users/runner/work/wavetype/wavetype/build/mac/venv/lib/python3.12/site-packages/_pyinstaller_hooks_contrib/stdhooks'
14397 INFO: Processing pre-safe-import-module hook 'hook-tensorflow.py' from '/Users/runner/work/wavetype/wavetype/build/mac/venv/lib/python3.12/site-packages/_pyinstaller_hooks_contrib/pre_safe_import_module'
14444 INFO: Analyzing hidden import 'live_dual'
14452 INFO: Analyzing hidden import 'objc._machsignals'
14452 INFO: Analyzing hidden import 'objc.simd'
14462 INFO: Analyzing hidden import 'sherpa_onnx._info'
14463 INFO: Processing module hooks (post-graph stage)...
14842 INFO: Processing standard module hook 'hook-_tkinter.py' from '/Users/runner/work/wavetype/wavetype/build/mac/venv/lib/python3.12/site-packages/PyInstaller/hooks'
15009 INFO: Processing standard module hook 'hook-PIL.SpiderImagePlugin.py' from '/Users/runner/work/wavetype/wavetype/build/mac/venv/lib/python3.12/site-packages/PyInstaller/hooks'
15089 INFO: Performing binary vs. data reclassification (353 entries)
15218 INFO: Looking for ctypes DLLs
15258 WARNING: Ignoring /System/Library/Frameworks/Carbon.framework/Carbon imported from /Users/runner/work/wavetype/wavetype/mac_sys.py - only basenames are supported with ctypes imports!
15258 WARNING: Ignoring /System/Library/Frameworks/CoreFoundation.framework/CoreFoundation imported from /Users/runner/work/wavetype/wavetype/mac_sys.py - only basenames are supported with ctypes imports!
15269 WARNING: Library user32 required via ctypes not found
15269 WARNING: Library gdi32 required via ctypes not found
15275 WARNING: Library ntdll required via ctypes not found
15311 INFO: Analyzing run-time hooks ...
15316 INFO: Including run-time hook 'pyi_rth_inspect.py' from '/Users/runner/work/wavetype/wavetype/build/mac/venv/lib/python3.12/site-packages/PyInstaller/hooks/rthooks'
15318 INFO: Including run-time hook 'pyi_rth_pkgutil.py' from '/Users/runner/work/wavetype/wavetype/build/mac/venv/lib/python3.12/site-packages/PyInstaller/hooks/rthooks'
15320 INFO: Including run-time hook 'pyi_rth_multiprocessing.py' from '/Users/runner/work/wavetype/wavetype/build/mac/venv/lib/python3.12/site-packages/PyInstaller/hooks/rthooks'
15321 INFO: Including run-time hook 'pyi_rth__tkinter.py' from '/Users/runner/work/wavetype/wavetype/build/mac/venv/lib/python3.12/site-packages/PyInstaller/hooks/rthooks'
15336 INFO: Creating base_library.zip...
15350 INFO: Looking for dynamic libraries
16124 INFO: Warnings written to /Users/runner/work/wavetype/wavetype/build/mac/pyi/wavetype-mac/warn-wavetype-mac.txt
16162 INFO: Graph cross-reference written to /Users/runner/work/wavetype/wavetype/build/mac/pyi/wavetype-mac/xref-wavetype-mac.html
16407 INFO: checking PYZ
16407 INFO: Building PYZ because PYZ-00.toc is non existent
16407 INFO: Building PYZ (ZlibArchive) /Users/runner/work/wavetype/wavetype/build/mac/pyi/wavetype-mac/PYZ-00.pyz
17166 INFO: Building PYZ (ZlibArchive) /Users/runner/work/wavetype/wavetype/build/mac/pyi/wavetype-mac/PYZ-00.pyz completed successfully.
17183 INFO: EXE target arch: arm64
17183 INFO: Code signing identity: None
17186 INFO: checking PKG
17186 INFO: Building PKG because PKG-00.toc is non existent
17186 INFO: Building PKG (CArchive) Wavetype.pkg
17274 INFO: Building PKG (CArchive) Wavetype.pkg completed successfully.
17275 INFO: Bootloader /Users/runner/work/wavetype/wavetype/build/mac/venv/lib/python3.12/site-packages/PyInstaller/bootloader/Darwin-64bit/runw
17275 INFO: checking EXE
17275 INFO: Building EXE because EXE-00.toc is non existent
17276 INFO: Building EXE from EXE-00.toc
17276 INFO: Copying bootloader EXE to /Users/runner/work/wavetype/wavetype/build/mac/pyi/wavetype-mac/Wavetype
17277 INFO: Converting EXE to target arch (arm64)
18544 INFO: Removing signature(s) from EXE
18563 INFO: Modifying Mach-O image UUID(s) in EXE
18571 INFO: Appending PKG archive to EXE
18574 INFO: Fixing EXE headers for code signing
18580 INFO: Rewriting the executable's macOS SDK version (26.2.0) to match the SDK version of the Python library (12.1.0) in order to avoid inconsistent behavior and potential UI issues in the frozen application.
18581 INFO: Re-signing the EXE
18611 INFO: Building EXE from EXE-00.toc completed successfully.
18617 INFO: checking COLLECT
18617 INFO: Building COLLECT because COLLECT-00.toc is non existent
18617 INFO: Building COLLECT COLLECT-00.toc
27674 INFO: Building COLLECT COLLECT-00.toc completed successfully.
27694 INFO: checking BUNDLE
27694 INFO: Building BUNDLE because BUNDLE-00.toc is non existent
27694 INFO: Building BUNDLE BUNDLE-00.toc
32618 INFO: Signing the BUNDLE...
33318 INFO: Building BUNDLE BUNDLE-00.toc completed successfully.
33325 INFO: Build complete! The results are available in: /Users/runner/work/wavetype/wavetype/dist

== secret check
   ok: no user files, no gsk_ key pattern. Wavetype.app = 238M

== done (app)
app: /Users/runner/work/wavetype/wavetype/dist/Wavetype.app
