Wavetype 0.1.1 | macOS 15.7.9 arm64 | python: /Users/runner/hostedtoolcache/Python/3.12.10/arm64/bin/python

== venv (/Users/runner/work/wavetype/wavetype/build/mac/venv)
python 3.12.10 arm64 | framework: True
tk 8.6

== icon

== PyInstaller
37 INFO: PyInstaller: 6.22.3, contrib hooks: 2026.8
37 INFO: Python: 3.12.10
60 INFO: Platform: macOS-15.7.9-arm64-arm-64bit
60 INFO: Python environment: /Users/runner/work/wavetype/wavetype/build/mac/venv
62 INFO: Removing temporary files and cleaning cache in /Users/runner/Library/Application Support/pyinstaller
1502 INFO: Module search paths (PYTHONPATH):
['/Users/runner/work/wavetype/wavetype',
 '/Library/Frameworks/Python.framework/Versions/3.12/lib/python312.zip',
 '/Library/Frameworks/Python.framework/Versions/3.12/lib/python3.12',
 '/Library/Frameworks/Python.framework/Versions/3.12/lib/python3.12/lib-dynload',
 '/Users/runner/work/wavetype/wavetype/build/mac/venv/lib/python3.12/site-packages',
 '/Users/runner/work/wavetype/wavetype']
1744 INFO: Appending 'binaries' from .spec
1744 INFO: Appending 'datas' from .spec
1744 INFO: checking Analysis
1744 INFO: Building Analysis because Analysis-00.toc is non existent
1744 INFO: Looking for Python shared library...
1749 INFO: Using Python shared library: /Library/Frameworks/Python.framework/Versions/3.12/Python
1749 INFO: Running Analysis Analysis-00.toc
1749 INFO: Target bytecode optimization level: 0
1749 INFO: Initializing module dependency graph...
1749 INFO: Initializing module graph hook caches...
1755 INFO: Analyzing modules for base_library.zip ...
2469 INFO: Processing standard module hook 'hook-encodings.py' from '/Users/runner/work/wavetype/wavetype/build/mac/venv/lib/python3.12/site-packages/PyInstaller/hooks'
2657 INFO: Processing standard module hook 'hook-math.py' from '/Users/runner/work/wavetype/wavetype/build/mac/venv/lib/python3.12/site-packages/PyInstaller/hooks'
3571 INFO: Processing standard module hook 'hook-pickle.py' from '/Users/runner/work/wavetype/wavetype/build/mac/venv/lib/python3.12/site-packages/PyInstaller/hooks'
4226 INFO: Processing standard module hook 'hook-heapq.py' from '/Users/runner/work/wavetype/wavetype/build/mac/venv/lib/python3.12/site-packages/PyInstaller/hooks'
4509 INFO: Caching module dependency graph...
4530 INFO: Analyzing /Users/runner/work/wavetype/wavetype/wavetype.py
4643 INFO: Processing standard module hook 'hook-platform.py' from '/Users/runner/work/wavetype/wavetype/build/mac/venv/lib/python3.12/site-packages/PyInstaller/hooks'
4660 INFO: Processing standard module hook 'hook-xml.py' from '/Users/runner/work/wavetype/wavetype/build/mac/venv/lib/python3.12/site-packages/PyInstaller/hooks'
5046 INFO: Processing standard module hook 'hook-certifi.py' from '/Users/runner/work/wavetype/wavetype/build/mac/venv/lib/python3.12/site-packages/_pyinstaller_hooks_contrib/stdhooks'
5158 INFO: Processing standard module hook 'hook-multiprocessing.util.py' from '/Users/runner/work/wavetype/wavetype/build/mac/venv/lib/python3.12/site-packages/PyInstaller/hooks'
5367 INFO: Processing standard module hook 'hook-_ctypes.py' from '/Users/runner/work/wavetype/wavetype/build/mac/venv/lib/python3.12/site-packages/PyInstaller/hooks'
5654 INFO: Processing standard module hook 'hook-anyio.py' from '/Users/runner/work/wavetype/wavetype/build/mac/venv/lib/python3.12/site-packages/_pyinstaller_hooks_contrib/stdhooks'
5824 INFO: Processing pre-safe-import-module hook 'hook-typing_extensions.py' from '/Users/runner/work/wavetype/wavetype/build/mac/venv/lib/python3.12/site-packages/PyInstaller/hooks/pre_safe_import_module'
5825 INFO: SetuptoolsInfo: initializing cached setuptools info...
6561 INFO: Processing standard module hook 'hook-difflib.py' from '/Users/runner/work/wavetype/wavetype/build/mac/venv/lib/python3.12/site-packages/PyInstaller/hooks'
6625 INFO: Processing standard module hook 'hook-webbrowser.py' from '/Users/runner/work/wavetype/wavetype/build/mac/venv/lib/python3.12/site-packages/PyInstaller/hooks'
6638 INFO: Processing pre-find-module-path hook 'hook-tkinter.py' from '/Users/runner/work/wavetype/wavetype/build/mac/venv/lib/python3.12/site-packages/PyInstaller/hooks/pre_find_module_path'
6639 INFO: TclTkInfo: initializing cached Tcl/Tk info...
6778 INFO: Processing standard module hook 'hook-_tkinter.py' from '/Users/runner/work/wavetype/wavetype/build/mac/venv/lib/python3.12/site-packages/PyInstaller/hooks'
6782 INFO: Processing standard module hook 'hook-PIL.py' from '/Users/runner/work/wavetype/wavetype/build/mac/venv/lib/python3.12/site-packages/PyInstaller/hooks'
6842 INFO: Processing standard module hook 'hook-PIL.Image.py' from '/Users/runner/work/wavetype/wavetype/build/mac/venv/lib/python3.12/site-packages/PyInstaller/hooks'
6972 INFO: Processing standard module hook 'hook-numpy.py' from '/Users/runner/work/wavetype/wavetype/build/mac/venv/lib/python3.12/site-packages/PyInstaller/hooks'
7417 INFO: Processing standard module hook 'hook-sysconfig.py' from '/Users/runner/work/wavetype/wavetype/build/mac/venv/lib/python3.12/site-packages/PyInstaller/hooks'
7435 INFO: Processing standard module hook 'hook-_osx_support.py' from '/Users/runner/work/wavetype/wavetype/build/mac/venv/lib/python3.12/site-packages/PyInstaller/hooks'
8875 INFO: Processing standard module hook 'hook-xml.etree.cElementTree.py' from '/Users/runner/work/wavetype/wavetype/build/mac/venv/lib/python3.12/site-packages/PyInstaller/hooks'
8983 INFO: Processing standard module hook 'hook-PIL.ImageFilter.py' from '/Users/runner/work/wavetype/wavetype/build/mac/venv/lib/python3.12/site-packages/PyInstaller/hooks'
9193 INFO: Processing standard module hook 'hook-sounddevice.py' from '/Users/runner/work/wavetype/wavetype/build/mac/venv/lib/python3.12/site-packages/_pyinstaller_hooks_contrib/stdhooks'
10607 INFO: Processing standard module hook 'hook-av.py' from '/Users/runner/work/wavetype/wavetype/build/mac/venv/lib/python3.12/site-packages/_pyinstaller_hooks_contrib/stdhooks'
11226 INFO: Processing pre-safe-import-module hook 'hook-importlib_resources.py' from '/Users/runner/work/wavetype/wavetype/build/mac/venv/lib/python3.12/site-packages/PyInstaller/hooks/pre_safe_import_module'
11430 INFO: Processing standard module hook 'hook-sqlite3.py' from '/Users/runner/work/wavetype/wavetype/build/mac/venv/lib/python3.12/site-packages/PyInstaller/hooks'
12580 INFO: Processing pre-safe-import-module hook 'hook-packaging.py' from '/Users/runner/work/wavetype/wavetype/build/mac/venv/lib/python3.12/site-packages/PyInstaller/hooks/pre_safe_import_module'
12633 INFO: Processing standard module hook 'hook-fsspec.py' from '/Users/runner/work/wavetype/wavetype/build/mac/venv/lib/python3.12/site-packages/_pyinstaller_hooks_contrib/stdhooks'
12926 INFO: Processing pre-safe-import-module hook 'hook-backports.py' from '/Users/runner/work/wavetype/wavetype/build/mac/venv/lib/python3.12/site-packages/PyInstaller/hooks/pre_safe_import_module'
12926 INFO: Setuptools: 'backports' appears to be a full setuptools-vendored copy - creating alias to 'setuptools._vendor.backports'!
13039 INFO: Processing standard module hook 'hook-onnxruntime.py' from '/Users/runner/work/wavetype/wavetype/build/mac/venv/lib/python3.12/site-packages/_pyinstaller_hooks_contrib/stdhooks'
13083 INFO: Processing pre-safe-import-module hook 'hook-tensorflow.py' from '/Users/runner/work/wavetype/wavetype/build/mac/venv/lib/python3.12/site-packages/_pyinstaller_hooks_contrib/pre_safe_import_module'
13140 INFO: Analyzing hidden import 'live_dual'
13148 INFO: Analyzing hidden import 'objc._machsignals'
13149 INFO: Analyzing hidden import 'objc.simd'
13158 INFO: Analyzing hidden import 'sherpa_onnx._info'
13158 INFO: Processing module hooks (post-graph stage)...
13539 INFO: Processing standard module hook 'hook-_tkinter.py' from '/Users/runner/work/wavetype/wavetype/build/mac/venv/lib/python3.12/site-packages/PyInstaller/hooks'
13722 INFO: Processing standard module hook 'hook-PIL.SpiderImagePlugin.py' from '/Users/runner/work/wavetype/wavetype/build/mac/venv/lib/python3.12/site-packages/PyInstaller/hooks'
13794 INFO: Performing binary vs. data reclassification (353 entries)
13965 INFO: Looking for ctypes DLLs
14008 WARNING: Ignoring /System/Library/Frameworks/Carbon.framework/Carbon imported from /Users/runner/work/wavetype/wavetype/mac_sys.py - only basenames are supported with ctypes imports!
14008 WARNING: Ignoring /System/Library/Frameworks/CoreFoundation.framework/CoreFoundation imported from /Users/runner/work/wavetype/wavetype/mac_sys.py - only basenames are supported with ctypes imports!
14018 WARNING: Library gdi32 required via ctypes not found
14019 WARNING: Library user32 required via ctypes not found
14024 WARNING: Library ntdll required via ctypes not found
14058 INFO: Analyzing run-time hooks ...
14061 INFO: Including run-time hook 'pyi_rth_inspect.py' from '/Users/runner/work/wavetype/wavetype/build/mac/venv/lib/python3.12/site-packages/PyInstaller/hooks/rthooks'
14063 INFO: Including run-time hook 'pyi_rth_pkgutil.py' from '/Users/runner/work/wavetype/wavetype/build/mac/venv/lib/python3.12/site-packages/PyInstaller/hooks/rthooks'
14064 INFO: Including run-time hook 'pyi_rth_multiprocessing.py' from '/Users/runner/work/wavetype/wavetype/build/mac/venv/lib/python3.12/site-packages/PyInstaller/hooks/rthooks'
14065 INFO: Including run-time hook 'pyi_rth__tkinter.py' from '/Users/runner/work/wavetype/wavetype/build/mac/venv/lib/python3.12/site-packages/PyInstaller/hooks/rthooks'
14080 INFO: Creating base_library.zip...
14091 INFO: Looking for dynamic libraries
14736 INFO: Warnings written to /Users/runner/work/wavetype/wavetype/build/mac/pyi/wavetype-mac/warn-wavetype-mac.txt
14769 INFO: Graph cross-reference written to /Users/runner/work/wavetype/wavetype/build/mac/pyi/wavetype-mac/xref-wavetype-mac.html
14987 INFO: checking PYZ
14987 INFO: Building PYZ because PYZ-00.toc is non existent
14987 INFO: Building PYZ (ZlibArchive) /Users/runner/work/wavetype/wavetype/build/mac/pyi/wavetype-mac/PYZ-00.pyz
15708 INFO: Building PYZ (ZlibArchive) /Users/runner/work/wavetype/wavetype/build/mac/pyi/wavetype-mac/PYZ-00.pyz completed successfully.
15721 INFO: EXE target arch: arm64
15721 INFO: Code signing identity: None
15724 INFO: checking PKG
15724 INFO: Building PKG because PKG-00.toc is non existent
15724 INFO: Building PKG (CArchive) Wavetype.pkg
15786 INFO: Building PKG (CArchive) Wavetype.pkg completed successfully.
15787 INFO: Bootloader /Users/runner/work/wavetype/wavetype/build/mac/venv/lib/python3.12/site-packages/PyInstaller/bootloader/Darwin-64bit/runw
15787 INFO: checking EXE
15787 INFO: Building EXE because EXE-00.toc is non existent
15787 INFO: Building EXE from EXE-00.toc
15787 INFO: Copying bootloader EXE to /Users/runner/work/wavetype/wavetype/build/mac/pyi/wavetype-mac/Wavetype
15788 INFO: Converting EXE to target arch (arm64)
16719 INFO: Removing signature(s) from EXE
16744 INFO: Modifying Mach-O image UUID(s) in EXE
16752 INFO: Appending PKG archive to EXE
16766 INFO: Fixing EXE headers for code signing
16776 INFO: Rewriting the executable's macOS SDK version (26.2.0) to match the SDK version of the Python library (12.1.0) in order to avoid inconsistent behavior and potential UI issues in the frozen application.
16777 INFO: Re-signing the EXE
16812 INFO: Building EXE from EXE-00.toc completed successfully.
16817 INFO: checking COLLECT
16817 INFO: Building COLLECT because COLLECT-00.toc is non existent
16817 INFO: Building COLLECT COLLECT-00.toc
26574 INFO: Building COLLECT COLLECT-00.toc completed successfully.
26591 INFO: checking BUNDLE
26591 INFO: Building BUNDLE because BUNDLE-00.toc is non existent
26591 INFO: Building BUNDLE BUNDLE-00.toc
32332 INFO: Signing the BUNDLE...
32963 INFO: Building BUNDLE BUNDLE-00.toc completed successfully.
32970 INFO: Build complete! The results are available in: /Users/runner/work/wavetype/wavetype/dist

== secret check
   ok: no user files, no gsk_ key pattern. Wavetype.app = 237M

== done (app)
app: /Users/runner/work/wavetype/wavetype/dist/Wavetype.app
