Wavetype 0.1.1 | macOS 15.7.9 arm64 | python: python3
signing identity: ad-hoc (hardened runtime: 1)

== codesign
   204 nested Mach-O files signed
/Users/runner/work/wavetype/wavetype/dist/Wavetype.app/Contents/MacOS/Wavetype: replacing existing signature
/Users/runner/work/wavetype/wavetype/dist/Wavetype.app: replacing existing signature
--prepared:/Users/runner/work/wavetype/wavetype/dist/Wavetype.app/Contents/Frameworks/python3__dot__12/lib-dynload/_struct.cpython-312-darwin.so
--validated:/Users/runner/work/wavetype/wavetype/dist/Wavetype.app/Contents/Frameworks/python3__dot__12/lib-dynload/_struct.cpython-312-darwin.so
--prepared:/Users/runner/work/wavetype/wavetype/dist/Wavetype.app/Contents/Frameworks/python3__dot__12/lib-dynload/_blake2.cpython-312-darwin.so
--validated:/Users/runner/work/wavetype/wavetype/dist/Wavetype.app/Contents/Frameworks/python3__dot__12/lib-dynload/_blake2.cpython-312-darwin.so
--prepared:/Users/runner/work/wavetype/wavetype/dist/Wavetype.app/Contents/Frameworks/python3__dot__12/lib-dynload/_sha1.cpython-312-darwin.so
--prepared:/Users/runner/work/wavetype/wavetype/dist/Wavetype.app/Contents/Frameworks/python3__dot__12/lib-dynload/array.cpython-312-darwin.so
--validated:/Users/runner/work/wavetype/wavetype/dist/Wavetype.app/Contents/Frameworks/python3__dot__12/lib-dynload/array.cpython-312-darwin.so
--prepared:/Users/runner/work/wavetype/wavetype/dist/Wavetype.app/Contents/Frameworks/python3__dot__12/lib-dynload/_queue.cpython-312-darwin.so
--validated:/Users/runner/work/wavetype/wavetype/dist/Wavetype.app/Contents/Frameworks/python3__dot__12/lib-dynload/_queue.cpython-312-darwin.so
--validated:/Users/runner/work/wavetype/wavetype/dist/Wavetype.app/Contents/Frameworks/python3__dot__12/lib-dynload/_sha1.cpython-312-darwin.so
--prepared:/Users/runner/work/wavetype/wavetype/dist/Wavetype.app/Contents/Frameworks/python3__dot__12/lib-dynload/grp.cpython-312-darwin.so
--validated:/Users/runner/work/wavetype/wavetype/dist/Wavetype.app/Contents/Frameworks/python3__dot__12/lib-dynload/grp.cpython-312-darwin.so
--prepared:/Users/runner/work/wavetype/wavetype/dist/Wavetype.app/Contents/Frameworks/python3__dot__12/lib-dynload/_tkinter.cpython-312-darwin.so
--validated:/Users/runner/work/wavetype/wavetype/dist/Wavetype.app/Contents/Frameworks/python3__dot__12/lib-dynload/_tkinter.cpython-312-darwin.so
--prepared:/Users/runner/work/wavetype/wavetype/dist/Wavetype.app/Contents/Frameworks/python3__dot__12/lib-dynload/_socket.cpython-312-darwin.so
--validated:/Users/runner/work/wavetype/wavetype/dist/Wavetype.app/Contents/Frameworks/python3__dot__12/lib-dynload/_socket.cpython-312-darwin.so
--prepared:/Users/runner/work/wavetype/wavetype/dist/Wavetype.app/Contents/Frameworks/python3__dot__12/lib-dynload/_posixshmem.cpython-312-darwin.so
--validated:/Users/runner/work/wavetype/wavetype/dist/Wavetype.app/Contents/Frameworks/python3__dot__12/lib-dynload/_posixshmem.cpython-312-darwin.so
--prepared:/Users/runner/work/wavetype/wavetype/dist/Wavetype.app/Contents/Frameworks/python3__dot__12/lib-dynload/_hashlib.cpython-312-darwin.so
--validated:/Users/runner/work/wavetype/wavetype/dist/Wavetype.app/Contents/Frameworks/python3__dot__12/lib-dynload/_hashlib.cpython-312-darwin.so
--prepared:/Users/runner/work/wavetype/wavetype/dist/Wavetype.app/Contents/Frameworks/python3__dot__12/lib-dynload/_decimal.cpython-312-darwin.so
--validated:/Users/runner/work/wavetype/wavetype/dist/Wavetype.app/Contents/Frameworks/python3__dot__12/lib-dynload/_decimal.cpython-312-darwin.so
--prepared:/Users/runner/work/wavetype/wavetype/dist/Wavetype.app/Contents/Frameworks/python3__dot__12/lib-dynload/_sha3.cpython-312-darwin.so
--validated:/Users/runner/work/wavetype/wavetype/dist/Wavetype.app/Contents/Frameworks/python3__dot__12/lib-dynload/_sha3.cpython-312-darwin.so
--prepared:/Users/runner/work/wavetype/wavetype/dist/Wavetype.app/Contents/Frameworks/python3__dot__12/lib-dynload/_csv.cpython-312-darwin.so
--validated:/Users/runner/work/wavetype/wavetype/dist/Wavetype.app/Contents/Frameworks/python3__dot__12/lib-dynload/_csv.cpython-312-darwin.so
--prepared:/Users/runner/work/wavetype/wavetype/dist/Wavetype.app/Contents/Frameworks/python3__dot__12/lib-dynload/fcntl.cpython-312-darwin.so
--validated:/Users/runner/work/wavetype/wavetype/dist/Wavetype.app/Contents/Frameworks/python3__dot__12/lib-dynload/fcntl.cpython-312-darwin.so
--prepared:/Users/runner/work/wavetype/wavetype/dist/Wavetype.app/Contents/Frameworks/python3__dot__12/lib-dynload/_statistics.cpython-312-darwin.so
--validated:/Users/runner/work/wavetype/wavetype/dist/Wavetype.app/Contents/Frameworks/python3__dot__12/lib-dynload/_statistics.cpython-312-darwin.so
--prepared:/Users/runner/work/wavetype/wavetype/dist/Wavetype.app/Contents/Frameworks/python3__dot__12/lib-dynload/termios.cpython-312-darwin.so
--validated:/Users/runner/work/wavetype/wavetype/dist/Wavetype.app/Contents/Frameworks/python3__dot__12/lib-dynload/termios.cpython-312-darwin.so
--prepared:/Users/runner/work/wavetype/wavetype/dist/Wavetype.app/Contents/Frameworks/python3__dot__12/lib-dynload/_ssl.cpython-312-darwin.so
--validated:/Users/runner/work/wavetype/wavetype/dist/Wavetype.app/Contents/Frameworks/python3__dot__12/lib-dynload/_ssl.cpython-312-darwin.so
--prepared:/Users/runner/work/wavetype/wavetype/dist/Wavetype.app/Contents/Frameworks/python3__dot__12/lib-dynload/zlib.cpython-312-darwin.so
--validated:/Users/runner/work/wavetype/wavetype/dist/Wavetype.app/Contents/Frameworks/python3__dot__12/lib-dynload/zlib.cpython-312-darwin.so
--prepared:/Users/runner/work/wavetype/wavetype/dist/Wavetype.app/Contents/Frameworks/python3__dot__12/lib-dynload/unicodedata.cpython-312-darwin.so
--validated:/Users/runner/work/wavetype/wavetype/dist/Wavetype.app/Contents/Frameworks/python3__dot__12/lib-dynload/unicodedata.cpython-312-darwin.so
--prepared:/Users/runner/work/wavetype/wavetype/dist/Wavetype.app/Contents/Frameworks/python3__dot__12/lib-dynload/_codecs_cn.cpython-312-darwin.so
--validated:/Users/runner/work/wavetype/wavetype/dist/Wavetype.app/Contents/Frameworks/python3__dot__12/lib-dynload/_codecs_cn.cpython-312-darwin.so
--prepared:/Users/runner/work/wavetype/wavetype/dist/Wavetype.app/Contents/Frameworks/python3__dot__12/lib-dynload/_asyncio.cpython-312-darwin.so
--validated:/Users/runner/work/wavetype/wavetype/dist/Wavetype.app/Contents/Frameworks/python3__dot__12/lib-dynload/_asyncio.cpython-312-darwin.so
--prepared:/Users/runner/work/wavetype/wavetype/dist/Wavetype.app/Contents/Frameworks/python3__dot__12/lib-dynload/_bisect.cpython-312-darwin.so
--validated:/Users/runner/work/wavetype/wavetype/dist/Wavetype.app/Contents/Frameworks/python3__dot__12/lib-dynload/_bisect.cpython-312-darwin.so
--prepared:/Users/runner/work/wavetype/wavetype/dist/Wavetype.app/Contents/Frameworks/python3__dot__12/lib-dynload/_multibytecodec.cpython-312-darwin.so
--validated:/Users/runner/work/wavetype/wavetype/dist/Wavetype.app/Contents/Frameworks/python3__dot__12/lib-dynload/_multibytecodec.cpython-312-darwin.so
--prepared:/Users/runner/work/wavetype/wavetype/dist/Wavetype.app/Contents/Frameworks/python3__dot__12/lib-dynload/_posixsubprocess.cpython-312-darwin.so
--validated:/Users/runner/work/wavetype/wavetype/dist/Wavetype.app/Contents/Frameworks/python3__dot__12/lib-dynload/_posixsubprocess.cpython-312-darwin.so
--prepared:/Users/runner/work/wavetype/wavetype/dist/Wavetype.app/Contents/Frameworks/python3__dot__12/lib-dynload/_lzma.cpython-312-darwin.so
--validated:/Users/runner/work/wavetype/wavetype/dist/Wavetype.app/Contents/Frameworks/python3__dot__12/lib-dynload/_lzma.cpython-312-darwin.so
--prepared:/Users/runner/work/wavetype/wavetype/dist/Wavetype.app/Contents/Frameworks/python3__dot__12/lib-dynload/select.cpython-312-darwin.so
--validated:/Users/runner/work/wavetype/wavetype/dist/Wavetype.app/Contents/Frameworks/python3__dot__12/lib-dynload/select.cpython-312-darwin.so
--prepared:/Users/runner/work/wavetype/wavetype/dist/Wavetype.app/Contents/Frameworks/python3__dot__12/lib-dynload/readline.cpython-312-darwin.so
--validated:/Users/runner/work/wavetype/wavetype/dist/Wavetype.app/Contents/Frameworks/python3__dot__12/lib-dynload/readline.cpython-312-darwin.so
--prepared:/Users/runner/work/wavetype/wavetype/dist/Wavetype.app/Contents/Frameworks/python3__dot__12/lib-dynload/pyexpat.cpython-312-darwin.so
--validated:/Users/runner/work/wavetype/wavetype/dist/Wavetype.app/Contents/Frameworks/python3__dot__12/lib-dynload/pyexpat.cpython-312-darwin.so
--prepared:/Users/runner/work/wavetype/wavetype/dist/Wavetype.app/Contents/Frameworks/python3__dot__12/lib-dynload/_codecs_jp.cpython-312-darwin.so
--validated:/Users/runner/work/wavetype/wavetype/dist/Wavetype.app/Contents/Frameworks/python3__dot__12/lib-dynload/_codecs_jp.cpython-312-darwin.so
--prepared:/Users/runner/work/wavetype/wavetype/dist/Wavetype.app/Contents/Frameworks/python3__dot__12/lib-dynload/_pickle.cpython-312-darwin.so
--validated:/Users/runner/work/wavetype/wavetype/dist/Wavetype.app/Contents/Frameworks/python3__dot__12/lib-dynload/_pickle.cpython-312-darwin.so
--prepared:/Users/runner/work/wavetype/wavetype/dist/Wavetype.app/Contents/Frameworks/python3__dot__12/lib-dynload/_ctypes.cpython-312-darwin.so
--prepared:/Users/runner/work/wavetype/wavetype/dist/Wavetype.app/Contents/Frameworks/python3__dot__12/lib-dynload/_bz2.cpython-312-darwin.so
--validated:/Users/runner/work/wavetype/wavetype/dist/Wavetype.app/Contents/Frameworks/python3__dot__12/lib-dynload/_ctypes.cpython-312-darwin.so
--validated:/Users/runner/work/wavetype/wavetype/dist/Wavetype.app/Contents/Frameworks/python3__dot__12/lib-dynload/_bz2.cpython-312-darwin.so
--prepared:/Users/runner/work/wavetype/wavetype/dist/Wavetype.app/Contents/Frameworks/python3__dot__12/lib-dynload/mmap.cpython-312-darwin.so
--validated:/Users/runner/work/wavetype/wavetype/dist/Wavetype.app/Contents/Frameworks/python3__dot__12/lib-dynload/mmap.cpython-312-darwin.so
--prepared:/Users/runner/work/wavetype/wavetype/dist/Wavetype.app/Contents/Frameworks/python3__dot__12/lib-dynload/_datetime.cpython-312-darwin.so
--validated:/Users/runner/work/wavetype/wavetype/dist/Wavetype.app/Contents/Frameworks/python3__dot__12/lib-dynload/_datetime.cpython-312-darwin.so
--prepared:/Users/runner/work/wavetype/wavetype/dist/Wavetype.app/Contents/Frameworks/python3__dot__12/lib-dynload/_codecs_iso2022.cpython-312-darwin.so
--validated:/Users/runner/work/wavetype/wavetype/dist/Wavetype.app/Contents/Frameworks/python3__dot__12/lib-dynload/_codecs_iso2022.cpython-312-darwin.so
--prepared:/Users/runner/work/wavetype/wavetype/dist/Wavetype.app/Contents/Frameworks/python3__dot__12/lib-dynload/math.cpython-312-darwin.so
--validated:/Users/runner/work/wavetype/wavetype/dist/Wavetype.app/Contents/Frameworks/python3__dot__12/lib-dynload/math.cpython-312-darwin.so
--prepared:/Users/runner/work/wavetype/wavetype/dist/Wavetype.app/Contents/Frameworks/python3__dot__12/lib-dynload/_uuid.cpython-312-darwin.so
--validated:/Users/runner/work/wavetype/wavetype/dist/Wavetype.app/Contents/Frameworks/python3__dot__12/lib-dynload/_uuid.cpython-312-darwin.so
--prepared:/Users/runner/work/wavetype/wavetype/dist/Wavetype.app/Contents/Frameworks/python3__dot__12/lib-dynload/_sha2.cpython-312-darwin.so
--validated:/Users/runner/work/wavetype/wavetype/dist/Wavetype.app/Contents/Frameworks/python3__dot__12/lib-dynload/_sha2.cpython-312-darwin.so
--prepared:/Users/runner/work/wavetype/wavetype/dist/Wavetype.app/Contents/Frameworks/python3__dot__12/lib-dynload/_opcode.cpython-312-darwin.so
--validated:/Users/runner/work/wavetype/wavetype/dist/Wavetype.app/Contents/Frameworks/python3__dot__12/lib-dynload/_opcode.cpython-312-darwin.so
--prepared:/Users/runner/work/wavetype/wavetype/dist/Wavetype.app/Contents/Frameworks/python3__dot__12/lib-dynload/_codecs_tw.cpython-312-darwin.so
--validated:/Users/runner/work/wavetype/wavetype/dist/Wavetype.app/Contents/Frameworks/python3__dot__12/lib-dynload/_codecs_tw.cpython-312-darwin.so
--prepared:/Users/runner/work/wavetype/wavetype/dist/Wavetype.app/Contents/Frameworks/python3__dot__12/lib-dynload/_heapq.cpython-312-darwin.so
--validated:/Users/runner/work/wavetype/wavetype/dist/Wavetype.app/Contents/Frameworks/python3__dot__12/lib-dynload/_heapq.cpython-312-darwin.so
--prepared:/Users/runner/work/wavetype/wavetype/dist/Wavetype.app/Contents/Frameworks/python3__dot__12/lib-dynload/_codecs_kr.cpython-312-darwin.so
--prepared:/Users/runner/work/wavetype/wavetype/dist/Wavetype.app/Contents/Frameworks/python3__dot__12/lib-dynload/_md5.cpython-312-darwin.so
--validated:/Users/runner/work/wavetype/wavetype/dist/Wavetype.app/Contents/Frameworks/python3__dot__12/lib-dynload/_codecs_kr.cpython-312-darwin.so
--validated:/Users/runner/work/wavetype/wavetype/dist/Wavetype.app/Contents/Frameworks/python3__dot__12/lib-dynload/_md5.cpython-312-darwin.so
--prepared:/Users/runner/work/wavetype/wavetype/dist/Wavetype.app/Contents/Frameworks/python3__dot__12/lib-dynload/_scproxy.cpython-312-darwin.so
--validated:/Users/runner/work/wavetype/wavetype/dist/Wavetype.app/Contents/Frameworks/python3__dot__12/lib-dynload/_scproxy.cpython-312-darwin.so
--prepared:/Users/runner/work/wavetype/wavetype/dist/Wavetype.app/Contents/Frameworks/python3__dot__12/lib-dynload/_multiprocessing.cpython-312-darwin.so
--validated:/Users/runner/work/wavetype/wavetype/dist/Wavetype.app/Contents/Frameworks/python3__dot__12/lib-dynload/_multiprocessing.cpython-312-darwin.so
--prepared:/Users/runner/work/wavetype/wavetype/dist/Wavetype.app/Contents/Frameworks/python3__dot__12/lib-dynload/_sqlite3.cpython-312-darwin.so
--validated:/Users/runner/work/wavetype/wavetype/dist/Wavetype.app/Contents/Frameworks/python3__dot__12/lib-dynload/_sqlite3.cpython-312-darwin.so
--prepared:/Users/runner/work/wavetype/wavetype/dist/Wavetype.app/Contents/Frameworks/python3__dot__12/lib-dynload/_elementtree.cpython-312-darwin.so
--validated:/Users/runner/work/wavetype/wavetype/dist/Wavetype.app/Contents/Frameworks/python3__dot__12/lib-dynload/_elementtree.cpython-312-darwin.so
--prepared:/Users/runner/work/wavetype/wavetype/dist/Wavetype.app/Contents/Frameworks/python3__dot__12/lib-dynload/_random.cpython-312-darwin.so
--prepared:/Users/runner/work/wavetype/wavetype/dist/Wavetype.app/Contents/Frameworks/python3__dot__12/lib-dynload/_contextvars.cpython-312-darwin.so
--validated:/Users/runner/work/wavetype/wavetype/dist/Wavetype.app/Contents/Frameworks/python3__dot__12/lib-dynload/_contextvars.cpython-312-darwin.so
--validated:/Users/runner/work/wavetype/wavetype/dist/Wavetype.app/Contents/Frameworks/python3__dot__12/lib-dynload/_random.cpython-312-darwin.so
--prepared:/Users/runner/work/wavetype/wavetype/dist/Wavetype.app/Contents/Frameworks/python3__dot__12/lib-dynload/binascii.cpython-312-darwin.so
--validated:/Users/runner/work/wavetype/wavetype/dist/Wavetype.app/Contents/Frameworks/python3__dot__12/lib-dynload/binascii.cpython-312-darwin.so
--prepared:/Users/runner/work/wavetype/wavetype/dist/Wavetype.app/Contents/Frameworks/python3__dot__12/lib-dynload/resource.cpython-312-darwin.so
--validated:/Users/runner/work/wavetype/wavetype/dist/Wavetype.app/Contents/Frameworks/python3__dot__12/lib-dynload/resource.cpython-312-darwin.so
--prepared:/Users/runner/work/wavetype/wavetype/dist/Wavetype.app/Contents/Frameworks/python3__dot__12/lib-dynload/_json.cpython-312-darwin.so
--validated:/Users/runner/work/wavetype/wavetype/dist/Wavetype.app/Contents/Frameworks/python3__dot__12/lib-dynload/_json.cpython-312-darwin.so
--prepared:/Users/runner/work/wavetype/wavetype/dist/Wavetype.app/Contents/Frameworks/python3__dot__12/lib-dynload/_codecs_hk.cpython-312-darwin.so
--validated:/Users/runner/work/wavetype/wavetype/dist/Wavetype.app/Contents/Frameworks/python3__dot__12/lib-dynload/_codecs_hk.cpython-312-darwin.so
--prepared:/Users/runner/work/wavetype/wavetype/dist/Wavetype.app/Contents/Frameworks/libtcl8.6.dylib
--validated:/Users/runner/work/wavetype/wavetype/dist/Wavetype.app/Contents/Frameworks/libtcl8.6.dylib
--prepared:/Users/runner/work/wavetype/wavetype/dist/Wavetype.app/Contents/Frameworks/HIServices/_HIServices.cpython-312-darwin.so
--validated:/Users/runner/work/wavetype/wavetype/dist/Wavetype.app/Contents/Frameworks/HIServices/_HIServices.cpython-312-darwin.so
--prepared:/Users/runner/work/wavetype/wavetype/dist/Wavetype.app/Contents/Frameworks/sherpa_onnx/lib/libsherpa-onnx-c-api.dylib
--validated:/Users/runner/work/wavetype/wavetype/dist/Wavetype.app/Contents/Frameworks/sherpa_onnx/lib/libsherpa-onnx-c-api.dylib
--prepared:/Users/runner/work/wavetype/wavetype/dist/Wavetype.app/Contents/Frameworks/sherpa_onnx/lib/libsherpa-onnx-cxx-api.dylib
--validated:/Users/runner/work/wavetype/wavetype/dist/Wavetype.app/Contents/Frameworks/sherpa_onnx/lib/libsherpa-onnx-cxx-api.dylib
--prepared:/Users/runner/work/wavetype/wavetype/dist/Wavetype.app/Contents/Frameworks/tokenizers/tokenizers.abi3.so
--validated:/Users/runner/work/wavetype/wavetype/dist/Wavetype.app/Contents/Frameworks/tokenizers/tokenizers.abi3.so
--prepared:/Users/runner/work/wavetype/wavetype/dist/Wavetype.app/Contents/Frameworks/sherpa_onnx/lib/_sherpa_onnx.cpython-312-darwin.so
--validated:/Users/runner/work/wavetype/wavetype/dist/Wavetype.app/Contents/Frameworks/sherpa_onnx/lib/_sherpa_onnx.cpython-312-darwin.so
--prepared:/Users/runner/work/wavetype/wavetype/dist/Wavetype.app/Contents/Frameworks/hf_xet/hf_xet.abi3.so
--validated:/Users/runner/work/wavetype/wavetype/dist/Wavetype.app/Contents/Frameworks/hf_xet/hf_xet.abi3.so
--prepared:/Users/runner/work/wavetype/wavetype/dist/Wavetype.app/Contents/Frameworks/av/buffer.abi3.so
--validated:/Users/runner/work/wavetype/wavetype/dist/Wavetype.app/Contents/Frameworks/av/buffer.abi3.so
--prepared:/Users/runner/work/wavetype/wavetype/dist/Wavetype.app/Contents/Frameworks/av/video/stream.abi3.so
--validated:/Users/runner/work/wavetype/wavetype/dist/Wavetype.app/Contents/Frameworks/av/video/stream.abi3.so
--prepared:/Users/runner/work/wavetype/wavetype/dist/Wavetype.app/Contents/Frameworks/av/video/plane.abi3.so
--validated:/Users/runner/work/wavetype/wavetype/dist/Wavetype.app/Contents/Frameworks/av/video/plane.abi3.so
--prepared:/Users/runner/work/wavetype/wavetype/dist/Wavetype.app/Contents/Frameworks/av/device.abi3.so
--validated:/Users/runner/work/wavetype/wavetype/dist/Wavetype.app/Contents/Frameworks/av/device.abi3.so
--prepared:/Users/runner/work/wavetype/wavetype/dist/Wavetype.app/Contents/Frameworks/av/video/codeccontext.abi3.so
--validated:/Users/runner/work/wavetype/wavetype/dist/Wavetype.app/Contents/Frameworks/av/video/codeccontext.abi3.so
--prepared:/Users/runner/work/wavetype/wavetype/dist/Wavetype.app/Contents/Frameworks/av/video/format.abi3.so
--validated:/Users/runner/work/wavetype/wavetype/dist/Wavetype.app/Contents/Frameworks/av/video/format.abi3.so
--prepared:/Users/runner/work/wavetype/wavetype/dist/Wavetype.app/Contents/Frameworks/av/video/reformatter.abi3.so
--validated:/Users/runner/work/wavetype/wavetype/dist/Wavetype.app/Contents/Frameworks/av/video/reformatter.abi3.so
--prepared:/Users/runner/work/wavetype/wavetype/dist/Wavetype.app/Contents/Frameworks/av/packet.abi3.so
--validated:/Users/runner/work/wavetype/wavetype/dist/Wavetype.app/Contents/Frameworks/av/packet.abi3.so
--prepared:/Users/runner/work/wavetype/wavetype/dist/Wavetype.app/Contents/Frameworks/av/stream.abi3.so
--validated:/Users/runner/work/wavetype/wavetype/dist/Wavetype.app/Contents/Frameworks/av/stream.abi3.so
--prepared:/Users/runner/work/wavetype/wavetype/dist/Wavetype.app/Contents/Frameworks/av/video/frame.abi3.so
--validated:/Users/runner/work/wavetype/wavetype/dist/Wavetype.app/Contents/Frameworks/av/video/frame.abi3.so
--prepared:/Users/runner/work/wavetype/wavetype/dist/Wavetype.app/Contents/Frameworks/av/opaque.abi3.so
--validated:/Users/runner/work/wavetype/wavetype/dist/Wavetype.app/Contents/Frameworks/av/opaque.abi3.so
--prepared:/Users/runner/work/wavetype/wavetype/dist/Wavetype.app/Contents/Frameworks/av/__dot__dylibs/libavutil.60.26.102.dylib
--validated:/Users/runner/work/wavetype/wavetype/dist/Wavetype.app/Contents/Frameworks/av/__dot__dylibs/libavutil.60.26.102.dylib
--prepared:/Users/runner/work/wavetype/wavetype/dist/Wavetype.app/Contents/Frameworks/av/__dot__dylibs/libavfilter.11.14.102.dylib
--validated:/Users/runner/work/wavetype/wavetype/dist/Wavetype.app/Contents/Frameworks/av/__dot__dylibs/libavfilter.11.14.102.dylib
--prepared:/Users/runner/work/wavetype/wavetype/dist/Wavetype.app/Contents/Frameworks/av/__dot__dylibs/libwebp.7.2.0.dylib
--validated:/Users/runner/work/wavetype/wavetype/dist/Wavetype.app/Contents/Frameworks/av/__dot__dylibs/libwebp.7.2.0.dylib
--prepared:/Users/runner/work/wavetype/wavetype/dist/Wavetype.app/Contents/Frameworks/av/__dot__dylibs/libswresample.6.3.102.dylib
--validated:/Users/runner/work/wavetype/wavetype/dist/Wavetype.app/Contents/Frameworks/av/__dot__dylibs/libswresample.6.3.102.dylib
--prepared:/Users/runner/work/wavetype/wavetype/dist/Wavetype.app/Contents/Frameworks/av/__dot__dylibs/libavcodec.62.28.102.dylib
--validated:/Users/runner/work/wavetype/wavetype/dist/Wavetype.app/Contents/Frameworks/av/__dot__dylibs/libavcodec.62.28.102.dylib
--prepared:/Users/runner/work/wavetype/wavetype/dist/Wavetype.app/Contents/Frameworks/av/__dot__dylibs/libavdevice.62.3.102.dylib
--validated:/Users/runner/work/wavetype/wavetype/dist/Wavetype.app/Contents/Frameworks/av/__dot__dylibs/libavdevice.62.3.102.dylib
--prepared:/Users/runner/work/wavetype/wavetype/dist/Wavetype.app/Contents/Frameworks/av/__dot__dylibs/libx264.165.dylib
--validated:/Users/runner/work/wavetype/wavetype/dist/Wavetype.app/Contents/Frameworks/av/__dot__dylibs/libx264.165.dylib
--prepared:/Users/runner/work/wavetype/wavetype/dist/Wavetype.app/Contents/Frameworks/av/__dot__dylibs/libmp3lame.0.dylib
--validated:/Users/runner/work/wavetype/wavetype/dist/Wavetype.app/Contents/Frameworks/av/__dot__dylibs/libmp3lame.0.dylib
--prepared:/Users/runner/work/wavetype/wavetype/dist/Wavetype.app/Contents/Frameworks/av/__dot__dylibs/libdav1d.7.dylib
--validated:/Users/runner/work/wavetype/wavetype/dist/Wavetype.app/Contents/Frameworks/av/__dot__dylibs/libdav1d.7.dylib
--prepared:/Users/runner/work/wavetype/wavetype/dist/Wavetype.app/Contents/Frameworks/av/__dot__dylibs/libswscale.9.5.102.dylib
--validated:/Users/runner/work/wavetype/wavetype/dist/Wavetype.app/Contents/Frameworks/av/__dot__dylibs/libswscale.9.5.102.dylib
--prepared:/Users/runner/work/wavetype/wavetype/dist/Wavetype.app/Contents/Frameworks/av/__dot__dylibs/libavformat.62.12.102.dylib
--validated:/Users/runner/work/wavetype/wavetype/dist/Wavetype.app/Contents/Frameworks/av/__dot__dylibs/libavformat.62.12.102.dylib
--prepared:/Users/runner/work/wavetype/wavetype/dist/Wavetype.app/Contents/Frameworks/sherpa_onnx/lib/libonnxruntime.dylib
--validated:/Users/runner/work/wavetype/wavetype/dist/Wavetype.app/Contents/Frameworks/sherpa_onnx/lib/libonnxruntime.dylib
--prepared:/Users/runner/work/wavetype/wavetype/dist/Wavetype.app/Contents/Frameworks/av/__dot__dylibs/libSvtAv1Enc.4.1.0.dylib
--validated:/Users/runner/work/wavetype/wavetype/dist/Wavetype.app/Contents/Frameworks/av/__dot__dylibs/libSvtAv1Enc.4.1.0.dylib
--prepared:/Users/runner/work/wavetype/wavetype/dist/Wavetype.app/Contents/Frameworks/av/__dot__dylibs/libwebpmux.3.1.2.dylib--prepared:/Users/runner/work/wavetype/wavetype/dist/Wavetype.app/Contents/Frameworks/av/__dot__dylibs/libopencore-amrwb.0.dylib
--validated:/Users/runner/work/wavetype/wavetype/dist/Wavetype.app/Contents/Frameworks/av/__dot__dylibs/libopencore-amrwb.0.dylib

--prepared:/Users/runner/work/wavetype/wavetype/dist/Wavetype.app/Contents/Frameworks/av/__dot__dylibs/libopencore-amrnb.0.dylib
--validated:/Users/runner/work/wavetype/wavetype/dist/Wavetype.app/Contents/Frameworks/av/__dot__dylibs/libopencore-amrnb.0.dylib
--validated:/Users/runner/work/wavetype/wavetype/dist/Wavetype.app/Contents/Frameworks/av/__dot__dylibs/libwebpmux.3.1.2.dylib
--prepared:/Users/runner/work/wavetype/wavetype/dist/Wavetype.app/Contents/Frameworks/av/__dot__dylibs/libopus.0.dylib
--validated:/Users/runner/work/wavetype/wavetype/dist/Wavetype.app/Contents/Frameworks/av/__dot__dylibs/libopus.0.dylib
--prepared:/Users/runner/work/wavetype/wavetype/dist/Wavetype.app/Contents/Frameworks/av/__dot__dylibs/libsharpyuv.0.1.2.dylib
--validated:/Users/runner/work/wavetype/wavetype/dist/Wavetype.app/Contents/Frameworks/av/__dot__dylibs/libsharpyuv.0.1.2.dylib
--prepared:/Users/runner/work/wavetype/wavetype/dist/Wavetype.app/Contents/Frameworks/av/dictionary.abi3.so
--validated:/Users/runner/work/wavetype/wavetype/dist/Wavetype.app/Contents/Frameworks/av/dictionary.abi3.so
--prepared:/Users/runner/work/wavetype/wavetype/dist/Wavetype.app/Contents/Frameworks/av/error.abi3.so
--validated:/Users/runner/work/wavetype/wavetype/dist/Wavetype.app/Contents/Frameworks/av/error.abi3.so
--prepared:/Users/runner/work/wavetype/wavetype/dist/Wavetype.app/Contents/Frameworks/av/__dot__dylibs/libvpx.12.dylib
--validated:/Users/runner/work/wavetype/wavetype/dist/Wavetype.app/Contents/Frameworks/av/__dot__dylibs/libvpx.12.dylib
--prepared:/Users/runner/work/wavetype/wavetype/dist/Wavetype.app/Contents/Frameworks/av/codec/context.abi3.so
--validated:/Users/runner/work/wavetype/wavetype/dist/Wavetype.app/Contents/Frameworks/av/codec/context.abi3.so
--prepared:/Users/runner/work/wavetype/wavetype/dist/Wavetype.app/Contents/Frameworks/av/__dot__dylibs/libx265.216.dylib
--validated:/Users/runner/work/wavetype/wavetype/dist/Wavetype.app/Contents/Frameworks/av/__dot__dylibs/libx265.216.dylib
--prepared:/Users/runner/work/wavetype/wavetype/dist/Wavetype.app/Contents/Frameworks/av/codec/codec.abi3.so
--validated:/Users/runner/work/wavetype/wavetype/dist/Wavetype.app/Contents/Frameworks/av/codec/codec.abi3.so
--prepared:/Users/runner/work/wavetype/wavetype/dist/Wavetype.app/Contents/Frameworks/av/container/streams.abi3.so
--validated:/Users/runner/work/wavetype/wavetype/dist/Wavetype.app/Contents/Frameworks/av/container/streams.abi3.so
--prepared:/Users/runner/work/wavetype/wavetype/dist/Wavetype.app/Contents/Frameworks/av/container/output.abi3.so
--validated:/Users/runner/work/wavetype/wavetype/dist/Wavetype.app/Contents/Frameworks/av/container/output.abi3.so
--prepared:/Users/runner/work/wavetype/wavetype/dist/Wavetype.app/Contents/Frameworks/av/plane.abi3.so
--validated:/Users/runner/work/wavetype/wavetype/dist/Wavetype.app/Contents/Frameworks/av/plane.abi3.so
--prepared:/Users/runner/work/wavetype/wavetype/dist/Wavetype.app/Contents/Frameworks/av/container/pyio.abi3.so
--validated:/Users/runner/work/wavetype/wavetype/dist/Wavetype.app/Contents/Frameworks/av/container/pyio.abi3.so
--prepared:/Users/runner/work/wavetype/wavetype/dist/Wavetype.app/Contents/Frameworks/av/codec/hwaccel.abi3.so
--validated:/Users/runner/work/wavetype/wavetype/dist/Wavetype.app/Contents/Frameworks/av/codec/hwaccel.abi3.so
--prepared:/Users/runner/work/wavetype/wavetype/dist/Wavetype.app/Contents/Frameworks/av/bitstream.abi3.so
--validated:/Users/runner/work/wavetype/wavetype/dist/Wavetype.app/Contents/Frameworks/av/bitstream.abi3.so
--prepared:/Users/runner/work/wavetype/wavetype/dist/Wavetype.app/Contents/Frameworks/av/utils.abi3.so
--prepared:/Users/runner/work/wavetype/wavetype/dist/Wavetype.app/Contents/Frameworks/av/container/input.abi3.so
--prepared:/Users/runner/work/wavetype/wavetype/dist/Wavetype.app/Contents/Frameworks/av/container/core.abi3.so
--validated:/Users/runner/work/wavetype/wavetype/dist/Wavetype.app/Contents/Frameworks/av/utils.abi3.so
--validated:/Users/runner/work/wavetype/wavetype/dist/Wavetype.app/Contents/Frameworks/av/container/input.abi3.so
--validated:/Users/runner/work/wavetype/wavetype/dist/Wavetype.app/Contents/Frameworks/av/container/core.abi3.so
--prepared:/Users/runner/work/wavetype/wavetype/dist/Wavetype.app/Contents/Frameworks/av/audio/layout.abi3.so
--validated:/Users/runner/work/wavetype/wavetype/dist/Wavetype.app/Contents/Frameworks/av/audio/layout.abi3.so
--prepared:/Users/runner/work/wavetype/wavetype/dist/Wavetype.app/Contents/Frameworks/av/audio/resampler.abi3.so
--validated:/Users/runner/work/wavetype/wavetype/dist/Wavetype.app/Contents/Frameworks/av/audio/resampler.abi3.so
--prepared:/Users/runner/work/wavetype/wavetype/dist/Wavetype.app/Contents/Frameworks/av/audio/codeccontext.abi3.so
--validated:/Users/runner/work/wavetype/wavetype/dist/Wavetype.app/Contents/Frameworks/av/audio/codeccontext.abi3.so
--prepared:/Users/runner/work/wavetype/wavetype/dist/Wavetype.app/Contents/Frameworks/av/audio/stream.abi3.so
--prepared:/Users/runner/work/wavetype/wavetype/dist/Wavetype.app/Contents/Frameworks/av/audio/plane.abi3.so
--validated:/Users/runner/work/wavetype/wavetype/dist/Wavetype.app/Contents/Frameworks/av/audio/stream.abi3.so
--validated:/Users/runner/work/wavetype/wavetype/dist/Wavetype.app/Contents/Frameworks/av/audio/plane.abi3.so
--prepared:/Users/runner/work/wavetype/wavetype/dist/Wavetype.app/Contents/Frameworks/av/audio/fifo.abi3.so
--validated:/Users/runner/work/wavetype/wavetype/dist/Wavetype.app/Contents/Frameworks/av/audio/fifo.abi3.so
--prepared:/Users/runner/work/wavetype/wavetype/dist/Wavetype.app/Contents/Frameworks/av/audio/format.abi3.so
--validated:/Users/runner/work/wavetype/wavetype/dist/Wavetype.app/Contents/Frameworks/av/audio/format.abi3.so
--prepared:/Users/runner/work/wavetype/wavetype/dist/Wavetype.app/Contents/Frameworks/av/audio/frame.abi3.so
--validated:/Users/runner/work/wavetype/wavetype/dist/Wavetype.app/Contents/Frameworks/av/audio/frame.abi3.so
--prepared:/Users/runner/work/wavetype/wavetype/dist/Wavetype.app/Contents/Frameworks/av/index.abi3.so
--prepared:/Users/runner/work/wavetype/wavetype/dist/Wavetype.app/Contents/Frameworks/av/_core.abi3.so
--validated:/Users/runner/work/wavetype/wavetype/dist/Wavetype.app/Contents/Frameworks/av/_core.abi3.so
--validated:/Users/runner/work/wavetype/wavetype/dist/Wavetype.app/Contents/Frameworks/av/index.abi3.so
--prepared:/Users/runner/work/wavetype/wavetype/dist/Wavetype.app/Contents/Frameworks/av/frame.abi3.so
--validated:/Users/runner/work/wavetype/wavetype/dist/Wavetype.app/Contents/Frameworks/av/frame.abi3.so
--prepared:/Users/runner/work/wavetype/wavetype/dist/Wavetype.app/Contents/Frameworks/av/subtitles/stream.abi3.so
--validated:/Users/runner/work/wavetype/wavetype/dist/Wavetype.app/Contents/Frameworks/av/subtitles/stream.abi3.so
--prepared:/Users/runner/work/wavetype/wavetype/dist/Wavetype.app/Contents/Frameworks/av/format.abi3.so
--validated:/Users/runner/work/wavetype/wavetype/dist/Wavetype.app/Contents/Frameworks/av/format.abi3.so
--prepared:/Users/runner/work/wavetype/wavetype/dist/Wavetype.app/Contents/Frameworks/av/subtitles/subtitle.abi3.so
--validated:/Users/runner/work/wavetype/wavetype/dist/Wavetype.app/Contents/Frameworks/av/subtitles/subtitle.abi3.so
--prepared:/Users/runner/work/wavetype/wavetype/dist/Wavetype.app/Contents/Frameworks/av/subtitles/codeccontext.abi3.so
--validated:/Users/runner/work/wavetype/wavetype/dist/Wavetype.app/Contents/Frameworks/av/subtitles/codeccontext.abi3.so
--prepared:/Users/runner/work/wavetype/wavetype/dist/Wavetype.app/Contents/Frameworks/av/filter/context.abi3.so
--validated:/Users/runner/work/wavetype/wavetype/dist/Wavetype.app/Contents/Frameworks/av/filter/context.abi3.so
--prepared:/Users/runner/work/wavetype/wavetype/dist/Wavetype.app/Contents/Frameworks/av/filter/loudnorm.abi3.so
--validated:/Users/runner/work/wavetype/wavetype/dist/Wavetype.app/Contents/Frameworks/av/filter/loudnorm.abi3.so
--prepared:/Users/runner/work/wavetype/wavetype/dist/Wavetype.app/Contents/Frameworks/av/filter/graph.abi3.so
--validated:/Users/runner/work/wavetype/wavetype/dist/Wavetype.app/Contents/Frameworks/av/filter/graph.abi3.so
--prepared:/Users/runner/work/wavetype/wavetype/dist/Wavetype.app/Contents/Frameworks/av/filter/filter.abi3.so
--prepared:/Users/runner/work/wavetype/wavetype/dist/Wavetype.app/Contents/Frameworks/av/sidedata/sidedata.abi3.so
--validated:/Users/runner/work/wavetype/wavetype/dist/Wavetype.app/Contents/Frameworks/av/filter/filter.abi3.so
--prepared:/Users/runner/work/wavetype/wavetype/dist/Wavetype.app/Contents/Frameworks/av/filter/link.abi3.so
--validated:/Users/runner/work/wavetype/wavetype/dist/Wavetype.app/Contents/Frameworks/av/sidedata/sidedata.abi3.so
--validated:/Users/runner/work/wavetype/wavetype/dist/Wavetype.app/Contents/Frameworks/av/filter/link.abi3.so
--prepared:/Users/runner/work/wavetype/wavetype/dist/Wavetype.app/Contents/Frameworks/av/sidedata/encparams.abi3.so
--validated:/Users/runner/work/wavetype/wavetype/dist/Wavetype.app/Contents/Frameworks/av/sidedata/encparams.abi3.so
--prepared:/Users/runner/work/wavetype/wavetype/dist/Wavetype.app/Contents/Frameworks/av/logging.abi3.so
--validated:/Users/runner/work/wavetype/wavetype/dist/Wavetype.app/Contents/Frameworks/av/logging.abi3.so
--prepared:/Users/runner/work/wavetype/wavetype/dist/Wavetype.app/Contents/Frameworks/av/sidedata/motionvectors.abi3.so
--validated:/Users/runner/work/wavetype/wavetype/dist/Wavetype.app/Contents/Frameworks/av/sidedata/motionvectors.abi3.so
--prepared:/Users/runner/work/wavetype/wavetype/dist/Wavetype.app/Contents/Frameworks/av/rational.abi3.so
--validated:/Users/runner/work/wavetype/wavetype/dist/Wavetype.app/Contents/Frameworks/av/rational.abi3.so
--prepared:/Users/runner/work/wavetype/wavetype/dist/Wavetype.app/Contents/Frameworks/onnxruntime/capi/libonnxruntime.1.30.0.dylib
--validated:/Users/runner/work/wavetype/wavetype/dist/Wavetype.app/Contents/Frameworks/onnxruntime/capi/libonnxruntime.1.30.0.dylib
--prepared:/Users/runner/work/wavetype/wavetype/dist/Wavetype.app/Contents/Frameworks/libssl.3.dylib
--validated:/Users/runner/work/wavetype/wavetype/dist/Wavetype.app/Contents/Frameworks/libssl.3.dylib
--prepared:/Users/runner/work/wavetype/wavetype/dist/Wavetype.app/Contents/Frameworks/Foundation/_inlines.cpython-312-darwin.so
--validated:/Users/runner/work/wavetype/wavetype/dist/Wavetype.app/Contents/Frameworks/Foundation/_inlines.cpython-312-darwin.so
--prepared:/Users/runner/work/wavetype/wavetype/dist/Wavetype.app/Contents/Frameworks/Foundation/_Foundation.cpython-312-darwin.so
--validated:/Users/runner/work/wavetype/wavetype/dist/Wavetype.app/Contents/Frameworks/Foundation/_Foundation.cpython-312-darwin.so
--prepared:/Users/runner/work/wavetype/wavetype/dist/Wavetype.app/Contents/Frameworks/libcrypto.3.dylib
--validated:/Users/runner/work/wavetype/wavetype/dist/Wavetype.app/Contents/Frameworks/libcrypto.3.dylib
--prepared:/Users/runner/work/wavetype/wavetype/dist/Wavetype.app/Contents/Frameworks/AVFoundation/_AVFoundation.cpython-312-darwin.so
--validated:/Users/runner/work/wavetype/wavetype/dist/Wavetype.app/Contents/Frameworks/AVFoundation/_AVFoundation.cpython-312-darwin.so
--prepared:/Users/runner/work/wavetype/wavetype/dist/Wavetype.app/Contents/Frameworks/AVFoundation/_inlines.cpython-312-darwin.so
--validated:/Users/runner/work/wavetype/wavetype/dist/Wavetype.app/Contents/Frameworks/AVFoundation/_inlines.cpython-312-darwin.so
--prepared:/Users/runner/work/wavetype/wavetype/dist/Wavetype.app/Contents/Frameworks/numpy/linalg/_umath_linalg.cpython-312-darwin.so
--validated:/Users/runner/work/wavetype/wavetype/dist/Wavetype.app/Contents/Frameworks/numpy/linalg/_umath_linalg.cpython-312-darwin.so
--prepared:/Users/runner/work/wavetype/wavetype/dist/Wavetype.app/Contents/Frameworks/numpy/_core/_multiarray_tests.cpython-312-darwin.so
--validated:/Users/runner/work/wavetype/wavetype/dist/Wavetype.app/Contents/Frameworks/numpy/_core/_multiarray_tests.cpython-312-darwin.so
--prepared:/Users/runner/work/wavetype/wavetype/dist/Wavetype.app/Contents/Frameworks/numpy/_core/_multiarray_umath.cpython-312-darwin.so
--validated:/Users/runner/work/wavetype/wavetype/dist/Wavetype.app/Contents/Frameworks/numpy/_core/_multiarray_umath.cpython-312-darwin.so
--prepared:/Users/runner/work/wavetype/wavetype/dist/Wavetype.app/Contents/Frameworks/numpy/random/bit_generator.cpython-312-darwin.so
--validated:/Users/runner/work/wavetype/wavetype/dist/Wavetype.app/Contents/Frameworks/numpy/random/bit_generator.cpython-312-darwin.so
--prepared:/Users/runner/work/wavetype/wavetype/dist/Wavetype.app/Contents/Frameworks/numpy/random/_pcg64.cpython-312-darwin.so
--validated:/Users/runner/work/wavetype/wavetype/dist/Wavetype.app/Contents/Frameworks/numpy/random/_pcg64.cpython-312-darwin.so
--prepared:/Users/runner/work/wavetype/wavetype/dist/Wavetype.app/Contents/Frameworks/numpy/fft/_pocketfft_umath.cpython-312-darwin.so
--validated:/Users/runner/work/wavetype/wavetype/dist/Wavetype.app/Contents/Frameworks/numpy/fft/_pocketfft_umath.cpython-312-darwin.so
--prepared:/Users/runner/work/wavetype/wavetype/dist/Wavetype.app/Contents/Frameworks/numpy/random/_mt19937.cpython-312-darwin.so
--validated:/Users/runner/work/wavetype/wavetype/dist/Wavetype.app/Contents/Frameworks/numpy/random/_mt19937.cpython-312-darwin.so
--prepared:/Users/runner/work/wavetype/wavetype/dist/Wavetype.app/Contents/Frameworks/numpy/random/_philox.cpython-312-darwin.so
--validated:/Users/runner/work/wavetype/wavetype/dist/Wavetype.app/Contents/Frameworks/numpy/random/_philox.cpython-312-darwin.so
--prepared:/Users/runner/work/wavetype/wavetype/dist/Wavetype.app/Contents/Frameworks/numpy/random/_bounded_integers.cpython-312-darwin.so
--validated:/Users/runner/work/wavetype/wavetype/dist/Wavetype.app/Contents/Frameworks/numpy/random/_bounded_integers.cpython-312-darwin.so
--prepared:/Users/runner/work/wavetype/wavetype/dist/Wavetype.app/Contents/Frameworks/numpy/random/_common.cpython-312-darwin.so
--validated:/Users/runner/work/wavetype/wavetype/dist/Wavetype.app/Contents/Frameworks/numpy/random/_common.cpython-312-darwin.so
--prepared:/Users/runner/work/wavetype/wavetype/dist/Wavetype.app/Contents/Frameworks/numpy/random/_sfc64.cpython-312-darwin.so
--validated:/Users/runner/work/wavetype/wavetype/dist/Wavetype.app/Contents/Frameworks/numpy/random/_sfc64.cpython-312-darwin.so
--prepared:/Users/runner/work/wavetype/wavetype/dist/Wavetype.app/Contents/Frameworks/numpy/random/mtrand.cpython-312-darwin.so
--validated:/Users/runner/work/wavetype/wavetype/dist/Wavetype.app/Contents/Frameworks/numpy/random/mtrand.cpython-312-darwin.so
--prepared:/Users/runner/work/wavetype/wavetype/dist/Wavetype.app/Contents/Frameworks/numpy/random/_generator.cpython-312-darwin.so
--validated:/Users/runner/work/wavetype/wavetype/dist/Wavetype.app/Contents/Frameworks/numpy/random/_generator.cpython-312-darwin.so
--prepared:/Users/runner/work/wavetype/wavetype/dist/Wavetype.app/Contents/Frameworks/PIL/_webp.cpython-312-darwin.so
--validated:/Users/runner/work/wavetype/wavetype/dist/Wavetype.app/Contents/Frameworks/PIL/_webp.cpython-312-darwin.so
--prepared:/Users/runner/work/wavetype/wavetype/dist/Wavetype.app/Contents/Frameworks/PIL/_imagingcms.cpython-312-darwin.so
--validated:/Users/runner/work/wavetype/wavetype/dist/Wavetype.app/Contents/Frameworks/PIL/_imagingcms.cpython-312-darwin.so
--prepared:/Users/runner/work/wavetype/wavetype/dist/Wavetype.app/Contents/Frameworks/PIL/_imagingft.cpython-312-darwin.so
--validated:/Users/runner/work/wavetype/wavetype/dist/Wavetype.app/Contents/Frameworks/PIL/_imagingft.cpython-312-darwin.so
--prepared:/Users/runner/work/wavetype/wavetype/dist/Wavetype.app/Contents/Frameworks/CoreText/_manual.cpython-312-darwin.so
--validated:/Users/runner/work/wavetype/wavetype/dist/Wavetype.app/Contents/Frameworks/CoreText/_manual.cpython-312-darwin.so
--prepared:/Users/runner/work/wavetype/wavetype/dist/Wavetype.app/Contents/Frameworks/PIL/__dot__dylibs/libbrotlicommon.1.2.0.dylib
--validated:/Users/runner/work/wavetype/wavetype/dist/Wavetype.app/Contents/Frameworks/PIL/__dot__dylibs/libbrotlicommon.1.2.0.dylib
--prepared:/Users/runner/work/wavetype/wavetype/dist/Wavetype.app/Contents/Frameworks/PIL/__dot__dylibs/libbrotlidec.1.2.0.dylib
--validated:/Users/runner/work/wavetype/wavetype/dist/Wavetype.app/Contents/Frameworks/PIL/__dot__dylibs/libbrotlidec.1.2.0.dylib
--prepared:/Users/runner/work/wavetype/wavetype/dist/Wavetype.app/Contents/Frameworks/PIL/__dot__dylibs/liblcms2.2.dylib
--validated:/Users/runner/work/wavetype/wavetype/dist/Wavetype.app/Contents/Frameworks/PIL/__dot__dylibs/liblcms2.2.dylib
--prepared:/Users/runner/work/wavetype/wavetype/dist/Wavetype.app/Contents/Frameworks/PIL/__dot__dylibs/libxcb.1.1.0.dylib
--validated:/Users/runner/work/wavetype/wavetype/dist/Wavetype.app/Contents/Frameworks/PIL/__dot__dylibs/libxcb.1.1.0.dylib
--prepared:/Users/runner/work/wavetype/wavetype/dist/Wavetype.app/Contents/Frameworks/PIL/__dot__dylibs/libpng16.16.dylib
--validated:/Users/runner/work/wavetype/wavetype/dist/Wavetype.app/Contents/Frameworks/PIL/__dot__dylibs/libpng16.16.dylib
--prepared:/Users/runner/work/wavetype/wavetype/dist/Wavetype.app/Contents/Frameworks/PIL/__dot__dylibs/libjpeg.62.4.0.dylib
--validated:/Users/runner/work/wavetype/wavetype/dist/Wavetype.app/Contents/Frameworks/PIL/__dot__dylibs/libjpeg.62.4.0.dylib
--prepared:/Users/runner/work/wavetype/wavetype/dist/Wavetype.app/Contents/Frameworks/PIL/__dot__dylibs/libfreetype.6.dylib
--validated:/Users/runner/work/wavetype/wavetype/dist/Wavetype.app/Contents/Frameworks/PIL/__dot__dylibs/libfreetype.6.dylib
--prepared:/Users/runner/work/wavetype/wavetype/dist/Wavetype.app/Contents/Frameworks/PIL/__dot__dylibs/libharfbuzz.0.dylib
--validated:/Users/runner/work/wavetype/wavetype/dist/Wavetype.app/Contents/Frameworks/PIL/__dot__dylibs/libharfbuzz.0.dylib
--prepared:/Users/runner/work/wavetype/wavetype/dist/Wavetype.app/Contents/Frameworks/PIL/__dot__dylibs/libopenjp2.2.5.4.dylib
--validated:/Users/runner/work/wavetype/wavetype/dist/Wavetype.app/Contents/Frameworks/PIL/__dot__dylibs/libopenjp2.2.5.4.dylib
--prepared:/Users/runner/work/wavetype/wavetype/dist/Wavetype.app/Contents/Frameworks/PIL/__dot__dylibs/libsharpyuv.0.dylib
--validated:/Users/runner/work/wavetype/wavetype/dist/Wavetype.app/Contents/Frameworks/PIL/__dot__dylibs/libsharpyuv.0.dylib
--prepared:/Users/runner/work/wavetype/wavetype/dist/Wavetype.app/Contents/Frameworks/PIL/__dot__dylibs/libavif.16.4.2.dylib
--validated:/Users/runner/work/wavetype/wavetype/dist/Wavetype.app/Contents/Frameworks/PIL/__dot__dylibs/libavif.16.4.2.dylib
--prepared:/Users/runner/work/wavetype/wavetype/dist/Wavetype.app/Contents/Frameworks/PIL/__dot__dylibs/libwebp.7.dylib
--validated:/Users/runner/work/wavetype/wavetype/dist/Wavetype.app/Contents/Frameworks/PIL/__dot__dylibs/libwebp.7.dylib
--prepared:/Users/runner/work/wavetype/wavetype/dist/Wavetype.app/Contents/Frameworks/PIL/__dot__dylibs/libXau.6.dylib
--validated:/Users/runner/work/wavetype/wavetype/dist/Wavetype.app/Contents/Frameworks/PIL/__dot__dylibs/libXau.6.dylib
--prepared:/Users/runner/work/wavetype/wavetype/dist/Wavetype.app/Contents/Frameworks/PIL/__dot__dylibs/libz.1.3.1.zlib-ng.dylib
--validated:/Users/runner/work/wavetype/wavetype/dist/Wavetype.app/Contents/Frameworks/PIL/__dot__dylibs/libz.1.3.1.zlib-ng.dylib
--prepared:/Users/runner/work/wavetype/wavetype/dist/Wavetype.app/Contents/Frameworks/PIL/__dot__dylibs/libwebpmux.3.dylib
--validated:/Users/runner/work/wavetype/wavetype/dist/Wavetype.app/Contents/Frameworks/PIL/__dot__dylibs/libwebpmux.3.dylib
--prepared:/Users/runner/work/wavetype/wavetype/dist/Wavetype.app/Contents/Frameworks/PIL/__dot__dylibs/liblzma.5.dylib
--validated:/Users/runner/work/wavetype/wavetype/dist/Wavetype.app/Contents/Frameworks/PIL/__dot__dylibs/liblzma.5.dylib
--prepared:/Users/runner/work/wavetype/wavetype/dist/Wavetype.app/Contents/Frameworks/PIL/__dot__dylibs/libwebpdemux.2.dylib
--validated:/Users/runner/work/wavetype/wavetype/dist/Wavetype.app/Contents/Frameworks/PIL/__dot__dylibs/libwebpdemux.2.dylib
--prepared:/Users/runner/work/wavetype/wavetype/dist/Wavetype.app/Contents/Frameworks/PIL/__dot__dylibs/libtiff.6.dylib
--validated:/Users/runner/work/wavetype/wavetype/dist/Wavetype.app/Contents/Frameworks/PIL/__dot__dylibs/libtiff.6.dylib
--prepared:/Users/runner/work/wavetype/wavetype/dist/Wavetype.app/Contents/Frameworks/PIL/_imagingmath.cpython-312-darwin.so
--validated:/Users/runner/work/wavetype/wavetype/dist/Wavetype.app/Contents/Frameworks/PIL/_imagingmath.cpython-312-darwin.so
--prepared:/Users/runner/work/wavetype/wavetype/dist/Wavetype.app/Contents/Frameworks/PIL/_imaging.cpython-312-darwin.so
--validated:/Users/runner/work/wavetype/wavetype/dist/Wavetype.app/Contents/Frameworks/PIL/_imaging.cpython-312-darwin.so
--prepared:/Users/runner/work/wavetype/wavetype/dist/Wavetype.app/Contents/Frameworks/PIL/_imagingtk.cpython-312-darwin.so
--validated:/Users/runner/work/wavetype/wavetype/dist/Wavetype.app/Contents/Frameworks/PIL/_imagingtk.cpython-312-darwin.so
--prepared:/Users/runner/work/wavetype/wavetype/dist/Wavetype.app/Contents/Frameworks/PIL/_avif.cpython-312-darwin.so
--validated:/Users/runner/work/wavetype/wavetype/dist/Wavetype.app/Contents/Frameworks/PIL/_avif.cpython-312-darwin.so
--prepared:/Users/runner/work/wavetype/wavetype/dist/Wavetype.app/Contents/Frameworks/AVFAudio/_inlines.cpython-312-darwin.so
--validated:/Users/runner/work/wavetype/wavetype/dist/Wavetype.app/Contents/Frameworks/AVFAudio/_inlines.cpython-312-darwin.so
--prepared:/Users/runner/work/wavetype/wavetype/dist/Wavetype.app/Contents/Frameworks/CoreMedia/_CoreMedia.cpython-312-darwin.so
--validated:/Users/runner/work/wavetype/wavetype/dist/Wavetype.app/Contents/Frameworks/CoreMedia/_CoreMedia.cpython-312-darwin.so
--prepared:/Users/runner/work/wavetype/wavetype/dist/Wavetype.app/Contents/Frameworks/CoreMedia/_inlines.cpython-312-darwin.so
--validated:/Users/runner/work/wavetype/wavetype/dist/Wavetype.app/Contents/Frameworks/CoreMedia/_inlines.cpython-312-darwin.so
--prepared:/Users/runner/work/wavetype/wavetype/dist/Wavetype.app/Contents/Frameworks/ctranslate2/__dot__dylibs/libctranslate2.4.8.2.dylib
--validated:/Users/runner/work/wavetype/wavetype/dist/Wavetype.app/Contents/Frameworks/ctranslate2/__dot__dylibs/libctranslate2.4.8.2.dylib
--prepared:/Users/runner/work/wavetype/wavetype/dist/Wavetype.app/Contents/Frameworks/ctranslate2/_ext.cpython-312-darwin.so
--validated:/Users/runner/work/wavetype/wavetype/dist/Wavetype.app/Contents/Frameworks/ctranslate2/_ext.cpython-312-darwin.so
--prepared:/Users/runner/work/wavetype/wavetype/dist/Wavetype.app/Contents/Frameworks/AppKit/_inlines.cpython-312-darwin.so
--validated:/Users/runner/work/wavetype/wavetype/dist/Wavetype.app/Contents/Frameworks/AppKit/_inlines.cpython-312-darwin.so
--prepared:/Users/runner/work/wavetype/wavetype/dist/Wavetype.app/Contents/Frameworks/AppKit/_AppKit.cpython-312-darwin.so
--validated:/Users/runner/work/wavetype/wavetype/dist/Wavetype.app/Contents/Frameworks/AppKit/_AppKit.cpython-312-darwin.so
--prepared:/Users/runner/work/wavetype/wavetype/dist/Wavetype.app/Contents/Frameworks/yaml/_yaml.cpython-312-darwin.so
--validated:/Users/runner/work/wavetype/wavetype/dist/Wavetype.app/Contents/Frameworks/yaml/_yaml.cpython-312-darwin.so
--prepared:/Users/runner/work/wavetype/wavetype/dist/Wavetype.app/Contents/Frameworks/libtk8.6.dylib
--validated:/Users/runner/work/wavetype/wavetype/dist/Wavetype.app/Contents/Frameworks/libtk8.6.dylib
--prepared:/Users/runner/work/wavetype/wavetype/dist/Wavetype.app/Contents/Frameworks/_cffi_backend.cpython-312-darwin.so
--validated:/Users/runner/work/wavetype/wavetype/dist/Wavetype.app/Contents/Frameworks/_cffi_backend.cpython-312-darwin.so
--prepared:/Users/runner/work/wavetype/wavetype/dist/Wavetype.app/Contents/Frameworks/Quartz/QuickLookUI/_QuickLookUI.cpython-312-darwin.so
--validated:/Users/runner/work/wavetype/wavetype/dist/Wavetype.app/Contents/Frameworks/Quartz/QuickLookUI/_QuickLookUI.cpython-312-darwin.so
--prepared:/Users/runner/work/wavetype/wavetype/dist/Wavetype.app/Contents/Frameworks/Quartz/CoreGraphics/_callbacks.cpython-312-darwin.so
--validated:/Users/runner/work/wavetype/wavetype/dist/Wavetype.app/Contents/Frameworks/Quartz/CoreGraphics/_callbacks.cpython-312-darwin.so
--prepared:/Users/runner/work/wavetype/wavetype/dist/Wavetype.app/Contents/Frameworks/Quartz/CoreGraphics/_sortandmap.cpython-312-darwin.so
--validated:/Users/runner/work/wavetype/wavetype/dist/Wavetype.app/Contents/Frameworks/Quartz/CoreGraphics/_sortandmap.cpython-312-darwin.so
--prepared:/Users/runner/work/wavetype/wavetype/dist/Wavetype.app/Contents/Frameworks/Quartz/CoreGraphics/_inlines.cpython-312-darwin.so
--validated:/Users/runner/work/wavetype/wavetype/dist/Wavetype.app/Contents/Frameworks/Quartz/CoreGraphics/_inlines.cpython-312-darwin.so
--prepared:/Users/runner/work/wavetype/wavetype/dist/Wavetype.app/Contents/Frameworks/Quartz/CoreGraphics/_doubleindirect.cpython-312-darwin.so
--validated:/Users/runner/work/wavetype/wavetype/dist/Wavetype.app/Contents/Frameworks/Quartz/CoreGraphics/_doubleindirect.cpython-312-darwin.so
--prepared:/Users/runner/work/wavetype/wavetype/dist/Wavetype.app/Contents/Frameworks/Quartz/CoreGraphics/_coregraphics.cpython-312-darwin.so
--prepared:/Users/runner/work/wavetype/wavetype/dist/Wavetype.app/Contents/Frameworks/Python.framework/Versions/Current/.
--validated:/Users/runner/work/wavetype/wavetype/dist/Wavetype.app/Contents/Frameworks/Python.framework/Versions/Current/.
--validated:/Users/runner/work/wavetype/wavetype/dist/Wavetype.app/Contents/Frameworks/Quartz/CoreGraphics/_coregraphics.cpython-312-darwin.so
--prepared:/Users/runner/work/wavetype/wavetype/dist/Wavetype.app/Contents/Frameworks/Quartz/PDFKit/_PDFKit.cpython-312-darwin.so
--validated:/Users/runner/work/wavetype/wavetype/dist/Wavetype.app/Contents/Frameworks/Quartz/PDFKit/_PDFKit.cpython-312-darwin.so
--prepared:/Users/runner/work/wavetype/wavetype/dist/Wavetype.app/Contents/Frameworks/Quartz/QuartzCore/_quartzcore.cpython-312-darwin.so
--validated:/Users/runner/work/wavetype/wavetype/dist/Wavetype.app/Contents/Frameworks/Quartz/QuartzCore/_quartzcore.cpython-312-darwin.so
--prepared:/Users/runner/work/wavetype/wavetype/dist/Wavetype.app/Contents/Frameworks/Quartz/ImageKit/_imagekit.cpython-312-darwin.so
--validated:/Users/runner/work/wavetype/wavetype/dist/Wavetype.app/Contents/Frameworks/Quartz/ImageKit/_imagekit.cpython-312-darwin.so
--prepared:/Users/runner/work/wavetype/wavetype/dist/Wavetype.app/Contents/Frameworks/objc/_objc.cpython-312-darwin.so
--validated:/Users/runner/work/wavetype/wavetype/dist/Wavetype.app/Contents/Frameworks/objc/_objc.cpython-312-darwin.so
--prepared:/Users/runner/work/wavetype/wavetype/dist/Wavetype.app/Contents/Frameworks/Quartz/CoreVideo/_CVPixelBuffer.cpython-312-darwin.so
--validated:/Users/runner/work/wavetype/wavetype/dist/Wavetype.app/Contents/Frameworks/Quartz/CoreVideo/_CVPixelBuffer.cpython-312-darwin.so
--prepared:/Users/runner/work/wavetype/wavetype/dist/Wavetype.app/Contents/Frameworks/objc/_machsignals.cpython-312-darwin.so
--validated:/Users/runner/work/wavetype/wavetype/dist/Wavetype.app/Contents/Frameworks/objc/_machsignals.cpython-312-darwin.so
--prepared:/Users/runner/work/wavetype/wavetype/dist/Wavetype.app/Contents/Frameworks/CoreFoundation/_inlines.cpython-312-darwin.so
--validated:/Users/runner/work/wavetype/wavetype/dist/Wavetype.app/Contents/Frameworks/CoreFoundation/_inlines.cpython-312-darwin.so
--prepared:/Users/runner/work/wavetype/wavetype/dist/Wavetype.app/Contents/Frameworks/CoreFoundation/_CoreFoundation.cpython-312-darwin.so
--validated:/Users/runner/work/wavetype/wavetype/dist/Wavetype.app/Contents/Frameworks/CoreFoundation/_CoreFoundation.cpython-312-darwin.so
--prepared:/Users/runner/work/wavetype/wavetype/dist/Wavetype.app/Contents/Frameworks/CoreAudio/_CoreAudio.cpython-312-darwin.so
--validated:/Users/runner/work/wavetype/wavetype/dist/Wavetype.app/Contents/Frameworks/CoreAudio/_CoreAudio.cpython-312-darwin.so
--prepared:/Users/runner/work/wavetype/wavetype/dist/Wavetype.app/Contents/Frameworks/onnxruntime/capi/onnxruntime_pybind11_state.so
--validated:/Users/runner/work/wavetype/wavetype/dist/Wavetype.app/Contents/Frameworks/onnxruntime/capi/onnxruntime_pybind11_state.so
--prepared:/Users/runner/work/wavetype/wavetype/dist/Wavetype.app/Contents/Frameworks/CoreAudio/_inlines.cpython-312-darwin.so
--validated:/Users/runner/work/wavetype/wavetype/dist/Wavetype.app/Contents/Frameworks/CoreAudio/_inlines.cpython-312-darwin.so
--prepared:/Users/runner/work/wavetype/wavetype/dist/Wavetype.app/Contents/Frameworks/_sounddevice_data/portaudio-binaries/libportaudio.dylib
--validated:/Users/runner/work/wavetype/wavetype/dist/Wavetype.app/Contents/Frameworks/_sounddevice_data/portaudio-binaries/libportaudio.dylib
/Users/runner/work/wavetype/wavetype/dist/Wavetype.app: valid on disk
/Users/runner/work/wavetype/wavetype/dist/Wavetype.app: satisfies its Designated Requirement
Identifier=com.lorenzomontes.wavetype
Format=app bundle with Mach-O thin (arm64)
CodeDirectory v=20500 size=71355 flags=0x10002(adhoc,runtime) hashes=2219+7 location=embedded
Signature=adhoc
TeamIdentifier=not set

== DMG
created: /Users/runner/work/wavetype/wavetype/dist/Wavetype-0.1.1-arm64.dmg
hdiutil: verify: checksum of "/Users/runner/work/wavetype/wavetype/dist/Wavetype-0.1.1-arm64.dmg" is VALID
   hdiutil verify ok

== done
app: /Users/runner/work/wavetype/wavetype/dist/Wavetype.app (237M)
dmg: /Users/runner/work/wavetype/wavetype/dist/Wavetype-0.1.1-arm64.dmg ( 93M)
signature: ad-hoc | hardened runtime: 1 | notarized: 0
