Wavetype 0.1.1 | macOS 15.7.9 arm64 | python: /Users/runner/hostedtoolcache/Python/3.12.10/arm64/bin/python

== venv (/Users/runner/work/wavetype/wavetype/build/mac/venv)
python 3.12.10 arm64 | framework: True
tk 8.6

== icon

== PyInstaller
45 INFO: PyInstaller: 6.22.3, contrib hooks: 2026.8
45 INFO: Python: 3.12.10
74 INFO: Platform: macOS-15.7.9-arm64-arm-64bit
74 INFO: Python environment: /Users/runner/work/wavetype/wavetype/build/mac/venv
84 INFO: Removing temporary files and cleaning cache in /Users/runner/Library/Application Support/pyinstaller
1967 INFO: Module search paths (PYTHONPATH):
['/Users/runner/work/wavetype/wavetype',
 '/Library/Frameworks/Python.framework/Versions/3.12/lib/python312.zip',
 '/Library/Frameworks/Python.framework/Versions/3.12/lib/python3.12',
 '/Library/Frameworks/Python.framework/Versions/3.12/lib/python3.12/lib-dynload',
 '/Users/runner/work/wavetype/wavetype/build/mac/venv/lib/python3.12/site-packages',
 '/Users/runner/work/wavetype/wavetype']
2142 INFO: Appending 'binaries' from .spec
2142 INFO: Appending 'datas' from .spec
2142 INFO: checking Analysis
2142 INFO: Building Analysis because Analysis-00.toc is non existent
2142 INFO: Looking for Python shared library...
2147 INFO: Using Python shared library: /Library/Frameworks/Python.framework/Versions/3.12/Python
2147 INFO: Running Analysis Analysis-00.toc
2147 INFO: Target bytecode optimization level: 0
2147 INFO: Initializing module dependency graph...
2147 INFO: Initializing module graph hook caches...
2152 INFO: Analyzing modules for base_library.zip ...
2580 INFO: Processing standard module hook 'hook-heapq.py' from '/Users/runner/work/wavetype/wavetype/build/mac/venv/lib/python3.12/site-packages/PyInstaller/hooks'
2632 INFO: Processing standard module hook 'hook-encodings.py' from '/Users/runner/work/wavetype/wavetype/build/mac/venv/lib/python3.12/site-packages/PyInstaller/hooks'
3403 INFO: Processing standard module hook 'hook-math.py' from '/Users/runner/work/wavetype/wavetype/build/mac/venv/lib/python3.12/site-packages/PyInstaller/hooks'
3598 INFO: Processing standard module hook 'hook-pickle.py' from '/Users/runner/work/wavetype/wavetype/build/mac/venv/lib/python3.12/site-packages/PyInstaller/hooks'
4350 INFO: Caching module dependency graph...
4371 INFO: Analyzing /Users/runner/work/wavetype/wavetype/wavetype.py
4479 INFO: Processing standard module hook 'hook-platform.py' from '/Users/runner/work/wavetype/wavetype/build/mac/venv/lib/python3.12/site-packages/PyInstaller/hooks'
4495 INFO: Processing standard module hook 'hook-xml.py' from '/Users/runner/work/wavetype/wavetype/build/mac/venv/lib/python3.12/site-packages/PyInstaller/hooks'
4844 INFO: Processing standard module hook 'hook-certifi.py' from '/Users/runner/work/wavetype/wavetype/build/mac/venv/lib/python3.12/site-packages/_pyinstaller_hooks_contrib/stdhooks'
4963 INFO: Processing standard module hook 'hook-multiprocessing.util.py' from '/Users/runner/work/wavetype/wavetype/build/mac/venv/lib/python3.12/site-packages/PyInstaller/hooks'
5191 INFO: Processing standard module hook 'hook-_ctypes.py' from '/Users/runner/work/wavetype/wavetype/build/mac/venv/lib/python3.12/site-packages/PyInstaller/hooks'
5486 INFO: Processing standard module hook 'hook-anyio.py' from '/Users/runner/work/wavetype/wavetype/build/mac/venv/lib/python3.12/site-packages/_pyinstaller_hooks_contrib/stdhooks'
5671 INFO: Processing pre-safe-import-module hook 'hook-typing_extensions.py' from '/Users/runner/work/wavetype/wavetype/build/mac/venv/lib/python3.12/site-packages/PyInstaller/hooks/pre_safe_import_module'
5672 INFO: SetuptoolsInfo: initializing cached setuptools info...
6375 INFO: Processing standard module hook 'hook-difflib.py' from '/Users/runner/work/wavetype/wavetype/build/mac/venv/lib/python3.12/site-packages/PyInstaller/hooks'
6444 INFO: Processing standard module hook 'hook-webbrowser.py' from '/Users/runner/work/wavetype/wavetype/build/mac/venv/lib/python3.12/site-packages/PyInstaller/hooks'
6457 INFO: Processing pre-find-module-path hook 'hook-tkinter.py' from '/Users/runner/work/wavetype/wavetype/build/mac/venv/lib/python3.12/site-packages/PyInstaller/hooks/pre_find_module_path'
6457 INFO: TclTkInfo: initializing cached Tcl/Tk info...
6594 INFO: Processing standard module hook 'hook-_tkinter.py' from '/Users/runner/work/wavetype/wavetype/build/mac/venv/lib/python3.12/site-packages/PyInstaller/hooks'
6598 INFO: Processing standard module hook 'hook-PIL.py' from '/Users/runner/work/wavetype/wavetype/build/mac/venv/lib/python3.12/site-packages/PyInstaller/hooks'
6656 INFO: Processing standard module hook 'hook-PIL.Image.py' from '/Users/runner/work/wavetype/wavetype/build/mac/venv/lib/python3.12/site-packages/PyInstaller/hooks'
6785 INFO: Processing standard module hook 'hook-numpy.py' from '/Users/runner/work/wavetype/wavetype/build/mac/venv/lib/python3.12/site-packages/PyInstaller/hooks'
7203 INFO: Processing standard module hook 'hook-sysconfig.py' from '/Users/runner/work/wavetype/wavetype/build/mac/venv/lib/python3.12/site-packages/PyInstaller/hooks'
7211 INFO: Processing standard module hook 'hook-_osx_support.py' from '/Users/runner/work/wavetype/wavetype/build/mac/venv/lib/python3.12/site-packages/PyInstaller/hooks'
8502 INFO: Processing standard module hook 'hook-xml.etree.cElementTree.py' from '/Users/runner/work/wavetype/wavetype/build/mac/venv/lib/python3.12/site-packages/PyInstaller/hooks'
8607 INFO: Processing standard module hook 'hook-PIL.ImageFilter.py' from '/Users/runner/work/wavetype/wavetype/build/mac/venv/lib/python3.12/site-packages/PyInstaller/hooks'
8837 INFO: Processing standard module hook 'hook-sounddevice.py' from '/Users/runner/work/wavetype/wavetype/build/mac/venv/lib/python3.12/site-packages/_pyinstaller_hooks_contrib/stdhooks'
10280 INFO: Processing standard module hook 'hook-av.py' from '/Users/runner/work/wavetype/wavetype/build/mac/venv/lib/python3.12/site-packages/_pyinstaller_hooks_contrib/stdhooks'
10923 INFO: Processing pre-safe-import-module hook 'hook-importlib_resources.py' from '/Users/runner/work/wavetype/wavetype/build/mac/venv/lib/python3.12/site-packages/PyInstaller/hooks/pre_safe_import_module'
11110 INFO: Processing standard module hook 'hook-sqlite3.py' from '/Users/runner/work/wavetype/wavetype/build/mac/venv/lib/python3.12/site-packages/PyInstaller/hooks'
12323 INFO: Processing pre-safe-import-module hook 'hook-packaging.py' from '/Users/runner/work/wavetype/wavetype/build/mac/venv/lib/python3.12/site-packages/PyInstaller/hooks/pre_safe_import_module'
12370 INFO: Processing standard module hook 'hook-fsspec.py' from '/Users/runner/work/wavetype/wavetype/build/mac/venv/lib/python3.12/site-packages/_pyinstaller_hooks_contrib/stdhooks'
12666 INFO: Processing pre-safe-import-module hook 'hook-backports.py' from '/Users/runner/work/wavetype/wavetype/build/mac/venv/lib/python3.12/site-packages/PyInstaller/hooks/pre_safe_import_module'
12667 INFO: Setuptools: 'backports' appears to be a full setuptools-vendored copy - creating alias to 'setuptools._vendor.backports'!
12798 INFO: Processing standard module hook 'hook-onnxruntime.py' from '/Users/runner/work/wavetype/wavetype/build/mac/venv/lib/python3.12/site-packages/_pyinstaller_hooks_contrib/stdhooks'
12842 INFO: Processing pre-safe-import-module hook 'hook-tensorflow.py' from '/Users/runner/work/wavetype/wavetype/build/mac/venv/lib/python3.12/site-packages/_pyinstaller_hooks_contrib/pre_safe_import_module'
12924 INFO: Analyzing hidden import 'live_dual'
12935 INFO: Analyzing hidden import 'objc._machsignals'
12936 INFO: Analyzing hidden import 'objc.simd'
12945 INFO: Analyzing hidden import 'sherpa_onnx._info'
12946 INFO: Processing module hooks (post-graph stage)...
13358 INFO: Processing standard module hook 'hook-_tkinter.py' from '/Users/runner/work/wavetype/wavetype/build/mac/venv/lib/python3.12/site-packages/PyInstaller/hooks'
13552 INFO: Processing standard module hook 'hook-PIL.SpiderImagePlugin.py' from '/Users/runner/work/wavetype/wavetype/build/mac/venv/lib/python3.12/site-packages/PyInstaller/hooks'
13675 INFO: Performing binary vs. data reclassification (353 entries)
13798 INFO: Looking for ctypes DLLs
13838 WARNING: Ignoring /System/Library/Frameworks/CoreFoundation.framework/CoreFoundation imported from /Users/runner/work/wavetype/wavetype/mac_sys.py - only basenames are supported with ctypes imports!
13838 WARNING: Ignoring /System/Library/Frameworks/Carbon.framework/Carbon imported from /Users/runner/work/wavetype/wavetype/mac_sys.py - only basenames are supported with ctypes imports!
13850 WARNING: Library gdi32 required via ctypes not found
13850 WARNING: Library user32 required via ctypes not found
13861 WARNING: Library ntdll required via ctypes not found
13912 INFO: Analyzing run-time hooks ...
13915 INFO: Including run-time hook 'pyi_rth_inspect.py' from '/Users/runner/work/wavetype/wavetype/build/mac/venv/lib/python3.12/site-packages/PyInstaller/hooks/rthooks'
13917 INFO: Including run-time hook 'pyi_rth_pkgutil.py' from '/Users/runner/work/wavetype/wavetype/build/mac/venv/lib/python3.12/site-packages/PyInstaller/hooks/rthooks'
13919 INFO: Including run-time hook 'pyi_rth_multiprocessing.py' from '/Users/runner/work/wavetype/wavetype/build/mac/venv/lib/python3.12/site-packages/PyInstaller/hooks/rthooks'
13920 INFO: Including run-time hook 'pyi_rth__tkinter.py' from '/Users/runner/work/wavetype/wavetype/build/mac/venv/lib/python3.12/site-packages/PyInstaller/hooks/rthooks'
13939 INFO: Creating base_library.zip...
13952 INFO: Looking for dynamic libraries
15662 INFO: Warnings written to /Users/runner/work/wavetype/wavetype/build/mac/pyi/wavetype-mac/warn-wavetype-mac.txt
15706 INFO: Graph cross-reference written to /Users/runner/work/wavetype/wavetype/build/mac/pyi/wavetype-mac/xref-wavetype-mac.html
15981 INFO: checking PYZ
15981 INFO: Building PYZ because PYZ-00.toc is non existent
15981 INFO: Building PYZ (ZlibArchive) /Users/runner/work/wavetype/wavetype/build/mac/pyi/wavetype-mac/PYZ-00.pyz
16826 INFO: Building PYZ (ZlibArchive) /Users/runner/work/wavetype/wavetype/build/mac/pyi/wavetype-mac/PYZ-00.pyz completed successfully.
16837 INFO: EXE target arch: arm64
16837 INFO: Code signing identity: None
16840 INFO: checking PKG
16840 INFO: Building PKG because PKG-00.toc is non existent
16840 INFO: Building PKG (CArchive) Wavetype.pkg
16911 INFO: Building PKG (CArchive) Wavetype.pkg completed successfully.
16913 INFO: Bootloader /Users/runner/work/wavetype/wavetype/build/mac/venv/lib/python3.12/site-packages/PyInstaller/bootloader/Darwin-64bit/runw
16914 INFO: checking EXE
16914 INFO: Building EXE because EXE-00.toc is non existent
16914 INFO: Building EXE from EXE-00.toc
16914 INFO: Copying bootloader EXE to /Users/runner/work/wavetype/wavetype/build/mac/pyi/wavetype-mac/Wavetype
16916 INFO: Converting EXE to target arch (arm64)
18064 INFO: Removing signature(s) from EXE
18084 INFO: Modifying Mach-O image UUID(s) in EXE
18091 INFO: Appending PKG archive to EXE
18095 INFO: Fixing EXE headers for code signing
18104 INFO: Rewriting the executable's macOS SDK version (26.2.0) to match the SDK version of the Python library (12.1.0) in order to avoid inconsistent behavior and potential UI issues in the frozen application.
18105 INFO: Re-signing the EXE
18142 INFO: Building EXE from EXE-00.toc completed successfully.
18146 INFO: checking COLLECT
18146 INFO: Building COLLECT because COLLECT-00.toc is non existent
18147 INFO: Building COLLECT COLLECT-00.toc
27970 INFO: Building COLLECT COLLECT-00.toc completed successfully.
27982 INFO: checking BUNDLE
27982 INFO: Building BUNDLE because BUNDLE-00.toc is non existent
27983 INFO: Building BUNDLE BUNDLE-00.toc
33201 INFO: Signing the BUNDLE...
33779 INFO: Building BUNDLE BUNDLE-00.toc completed successfully.
33786 INFO: Build complete! The results are available in: /Users/runner/work/wavetype/wavetype/dist

== secret check
   ok: no user files, no gsk_ key pattern. Wavetype.app = 237M

== done (app)
app: /Users/runner/work/wavetype/wavetype/dist/Wavetype.app
